Component: ARM Compiler 5.06 update 4 (build 422) Tool: armlink [4d35d2]

==============================================================================

Section Cross References

    main.o(i._Z7GUITaskPv) refers to hal.o(.data) for touchgfx::HAL::instance
    main.o(i.main) refers to boardconfiguration.o(i._ZN8touchgfx7hw_initEv) for touchgfx::hw_init()
    main.o(i.main) refers to boardconfiguration.o(i._ZN8touchgfx13touchgfx_initEv) for touchgfx::touchgfx_init()
    main.o(i.main) refers to canvaswidgetrenderer.o(i._ZN8touchgfx20CanvasWidgetRenderer11setupBufferEPhj) for touchgfx::CanvasWidgetRenderer::setupBuffer(unsigned char*, unsigned)
    main.o(i.main) refers to tasks.o(i.xTaskGenericCreate) for xTaskGenericCreate
    main.o(i.main) refers to tasks.o(i.vTaskStartScheduler) for vTaskStartScheduler
    main.o(i.main) refers to main.o(.bss) for .bss
    main.o(i.main) refers to main.o(i._Z7GUITaskPv) for GUITask(void*)
    main.o(.ARM.exidx) refers to main.o(i._Z7GUITaskPv) for i._Z7GUITaskPv
    main.o(.ARM.exidx) refers to main.o(i.main) for i.main
    system_stm32f7xx.o(i.SystemCoreClockUpdate) refers to system_stm32f7xx.o(.data) for .data
    system_stm32f7xx.o(i.SystemCoreClockUpdate) refers to system_stm32f7xx.o(.constdata) for .constdata
    startup_stm32f769xx.o(STACK) refers (Special) to heapauxi.o(.text) for __use_two_region_memory
    startup_stm32f769xx.o(HEAP) refers (Special) to heapauxi.o(.text) for __use_two_region_memory
    startup_stm32f769xx.o(RESET) refers (Special) to heapauxi.o(.text) for __use_two_region_memory
    startup_stm32f769xx.o(RESET) refers to startup_stm32f769xx.o(STACK) for __initial_sp
    startup_stm32f769xx.o(RESET) refers to startup_stm32f769xx.o(.text) for Reset_Handler
    startup_stm32f769xx.o(RESET) refers to port.o(.emb_text) for SVC_Handler
    startup_stm32f769xx.o(RESET) refers to boardconfiguration.o(i.SysTick_Handler) for SysTick_Handler
    startup_stm32f769xx.o(RESET) refers to stm32f7hal_dsi.o(i.LTDC_ER_IRQHandler) for LTDC_ER_IRQHandler
    startup_stm32f769xx.o(RESET) refers to stm32f7hal_dsi.o(i.DMA2D_IRQHandler) for DMA2D_IRQHandler
    startup_stm32f769xx.o(RESET) refers to stm32f7hal_dsi.o(i.DSI_IRQHandler) for DSI_IRQHandler
    startup_stm32f769xx.o(.text) refers (Special) to heapauxi.o(.text) for __use_two_region_memory
    startup_stm32f769xx.o(.text) refers to system_stm32f7xx.o(i.SystemInit) for SystemInit
    startup_stm32f769xx.o(.text) refers to __main.o(!!!main) for __main
    startup_stm32f769xx.o(.text) refers to startup_stm32f769xx.o(HEAP) for Heap_Mem
    startup_stm32f769xx.o(.text) refers to startup_stm32f769xx.o(STACK) for Stack_Mem
    frontendapplication.o(i._ZN19FrontendApplication18gotoTemplateScreenEv) refers to frontendapplication.o(.constdata) for .constdata
    frontendapplication.o(i._ZN19FrontendApplication22gotoTemplateScreenImplEv) refers to frontendapplication.o(t._ZN8touchgfx14makeTransitionI12TemplateView17TemplatePresenterNS_12NoTransitionE5ModelEEPT0_PPNS_6ScreenEPPNS_9PresenterERNS_7MVPHeapEPPNS_10TransitionEPT2_) for T2* touchgfx::makeTransition<TemplateView, TemplatePresenter, touchgfx::NoTransition, Model>(touchgfx::Screen**, touchgfx::Presenter**, touchgfx::MVPHeap&, touchgfx::Transition**, T4*)
    frontendapplication.o(i._ZN19FrontendApplication22gotoTemplateScreenImplEv) refers to application.o(.data) for touchgfx::Application::currentTransition
    frontendapplication.o(i._ZN19FrontendApplicationC1ER5ModelR12FrontendHeap) refers to application.o(i._ZN8touchgfx11ApplicationC1Ev) for touchgfx::Application::Application()
    frontendapplication.o(i._ZN19FrontendApplicationC1ER5ModelR12FrontendHeap) refers to frontendapplication.o(.constdata__ZTVN8touchgfx14MVPApplicationE) for vtable for touchgfx::MVPApplication
    frontendapplication.o(i._ZN19FrontendApplicationC1ER5ModelR12FrontendHeap) refers to application.o(.data) for touchgfx::Application::instance
    frontendapplication.o(i._ZN19FrontendApplicationC1ER5ModelR12FrontendHeap) refers to frontendapplication.o(.constdata__ZTV19FrontendApplication) for vtable for FrontendApplication
    frontendapplication.o(i._ZN19FrontendApplicationC1ER5ModelR12FrontendHeap) refers to frontendapplication.o(.constdata__ZTVN8touchgfx8CallbackI19FrontendApplicationvvEE) for vtable for touchgfx::Callback<FrontendApplication, void, void>
    frontendapplication.o(i._ZN19FrontendApplicationC1ER5ModelR12FrontendHeap) refers to frontendapplication.o(.constdata) for .constdata
    frontendapplication.o(.ARM.exidx) refers to frontendapplication.o(i._ZN19FrontendApplicationC1ER5ModelR12FrontendHeap) for i._ZN19FrontendApplicationC1ER5ModelR12FrontendHeap
    frontendapplication.o(.ARM.exidx) refers to frontendapplication.o(i._ZN19FrontendApplication18gotoTemplateScreenEv) for i._ZN19FrontendApplication18gotoTemplateScreenEv
[...]
    Removing boardconfiguration.o(.constdata__ZTS12FrontendHeap), (15 bytes).
    Removing boardconfiguration.o(.constdata__ZTSN8touchgfx9PartitionINS_4meta8TypeListI17TemplatePresenterNS1_3NilEEELt1EEE), (76 bytes).
    Removing boardconfiguration.o(.constdata__ZTSN8touchgfx9PartitionINS_4meta8TypeListI12TemplateViewNS1_3NilEEELt1EEE), (71 bytes).
    Removing boardconfiguration.o(.constdata__ZTSN8touchgfx9PartitionINS_4meta8TypeListINS_12NoTransitionENS1_3NilEEELt1EEE), (75 bytes).
    Removing boardconfiguration.o(.constdata__ZTSN8touchgfx7MVPHeapE), (20 bytes).
    Removing boardconfiguration.o(t._ZN8touchgfx9PartitionINS_4meta8TypeListI17TemplatePresenterNS1_3NilEEELt1EED1Ev), (4 bytes).
    Removing boardconfiguration.o(.ARM.exidx), (8 bytes).
    Removing boardconfiguration.o(t._ZN8touchgfx9PartitionINS_4meta8TypeListI12TemplateViewNS1_3NilEEELt1EED1Ev), (4 bytes).
    Removing boardconfiguration.o(.ARM.exidx), (8 bytes).
    Removing boardconfiguration.o(t._ZN8touchgfx9PartitionINS_4meta8TypeListINS_12NoTransitionENS1_3NilEEELt1EED1Ev), (4 bytes).
    Removing boardconfiguration.o(.ARM.exidx), (8 bytes).
    Removing boardconfiguration.o(i._ZN12FrontendHeapD0Ev), (14 bytes).
    Removing boardconfiguration.o(.ARM.exidx), (8 bytes).
    Removing boardconfiguration.o(t._ZN8touchgfx9PartitionINS_4meta8TypeListI17TemplatePresenterNS1_3NilEEELt1EED0Ev), (14 bytes).
    Removing boardconfiguration.o(.ARM.exidx), (8 bytes).
    Removing boardconfiguration.o(t._ZNK8touchgfx9PartitionINS_4meta8TypeListI17TemplatePresenterNS1_3NilEEELt1EE8capacityEv), (4 bytes).
    Removing boardconfiguration.o(.ARM.exidx), (8 bytes).
    Removing boardconfiguration.o(.ARM.exidx), (8 bytes).
    Removing boardconfiguration.o(.ARM.exidx), (8 bytes).
    Removing boardconfiguration.o(t._ZNK8touchgfx9PartitionINS_4meta8TypeListI17TemplatePresenterNS1_3NilEEELt1EE7elementEt), (8 bytes).
    Removing boardconfiguration.o(.ARM.exidx), (8 bytes).
    Removing boardconfiguration.o(t._ZN8touchgfx9PartitionINS_4meta8TypeListI12TemplateViewNS1_3NilEEELt1EED0Ev), (14 bytes).
    Removing boardconfiguration.o(.ARM.exidx), (8 bytes).
    Removing boardconfiguration.o(t._ZNK8touchgfx9PartitionINS_4meta8TypeListI12TemplateViewNS1_3NilEEELt1EE8capacityEv), (4 bytes).
    Removing boardconfiguration.o(.ARM.exidx), (8 bytes).
    Removing boardconfiguration.o(.ARM.exidx), (8 bytes).
    Removing boardconfiguration.o(.ARM.exidx), (8 bytes).
    Removing boardconfiguration.o(t._ZNK8touchgfx9PartitionINS_4meta8TypeListI12TemplateViewNS1_3NilEEELt1EE7elementEt), (16 bytes).
    Removing boardconfiguration.o(.ARM.exidx), (8 bytes).
    Removing boardconfiguration.o(t._ZN8touchgfx9PartitionINS_4meta8TypeListINS_12NoTransitionENS1_3NilEEELt1EED0Ev), (14 bytes).
    Removing boardconfiguration.o(.ARM.exidx), (8 bytes).
    Removing boardconfiguration.o(t._ZNK8touchgfx9PartitionINS_4meta8TypeListINS_12NoTransitionENS1_3NilEEELt1EE8capacityEv), (4 bytes).
    Removing boardconfiguration.o(.ARM.exidx), (8 bytes).
    Removing boardconfiguration.o(.ARM.exidx), (8 bytes).
    Removing boardconfiguration.o(.ARM.exidx), (8 bytes).
    Removing boardconfiguration.o(t._ZNK8touchgfx9PartitionINS_4meta8TypeListINS_12NoTransitionENS1_3NilEEELt1EE7elementEt), (12 bytes).
    Removing boardconfiguration.o(.ARM.exidx), (8 bytes).
    Removing otm8009touchcontroller.o(i._ZN22OTM8009TouchControllerD0Ev), (4 bytes).
    Removing otm8009touchcontroller.o(.ARM.exidx), (8 bytes).
    Removing otm8009touchcontroller.o(.constdata__ZTI22OTM8009TouchController), (12 bytes).
    Removing otm8009touchcontroller.o(.constdata__ZTIN8touchgfx15TouchControllerE), (8 bytes).
    Removing otm8009touchcontroller.o(.constdata__ZTS22OTM8009TouchController), (25 bytes).
    Removing otm8009touchcontroller.o(.constdata__ZTSN8touchgfx15TouchControllerE), (29 bytes).
    Removing stm32f7instrumentation.o(.ARM.exidx), (8 bytes).
    Removing stm32f7instrumentation.o(.ARM.exidx), (8 bytes).
    Removing stm32f7instrumentation.o(i._ZN8touchgfx22STM32F7InstrumentationD0Ev), (4 bytes).
    Removing stm32f7instrumentation.o(.ARM.exidx), (8 bytes).
    Removing stm32f7instrumentation.o(.constdata__ZTIN8touchgfx22STM32F7InstrumentationE), (12 bytes).
    Removing stm32f7instrumentation.o(.constdata__ZTIN8touchgfx18MCUInstrumentationE), (8 bytes).
    Removing stm32f7instrumentation.o(.constdata__ZTSN8touchgfx22STM32F7InstrumentationE), (36 bytes).
    Removing stm32f7instrumentation.o(.constdata__ZTSN8touchgfx18MCUInstrumentationE), (32 bytes).
    Removing abstractpartition.o(.constdata__ZTIN8touchgfx17AbstractPartitionE), (8 bytes).
    Removing abstractpartition.o(.constdata__ZTSN8touchgfx17AbstractPartitionE), (31 bytes).
    Removing lcd16bpp.o(i._ZN8touchgfx26LCD16bilinearInterpolate2DEffffffh), (108 bytes).
    Removing lcd16bpp.o(.ARM.exidx), (8 bytes).
    Removing lcd16bpp.o(i._ZN8touchgfx26LCD16bilinearInterpolate2DEffffff), (82 bytes).
    Removing lcd16bpp.o(.ARM.exidx), (8 bytes).
    Removing lcd16bpp.o(.ARM.exidx), (8 bytes).
    Removing lcd16bpp.o(.ARM.exidx), (8 bytes).
    Removing lcd16bpp.o(.ARM.exidx), (8 bytes).
    Removing lcd16bpp.o(i._ZN8touchgfx8LCD16bppD0Ev), (4 bytes).
    Removing lcd16bpp.o(.ARM.exidx), (8 bytes).
    Removing lcd16bpp.o(.ARM.exidx), (8 bytes).
    Removing lcd16bpp.o(i._ZN8touchgfx26LCD16bilinearInterpolate1DEfff), (10 bytes).
    Removing lcd16bpp.o(.ARM.exidx), (8 bytes).
    Removing lcd16bpp.o(i._ZN8touchgfx17floatToFixed16_16Ef), (24 bytes).
    Removing lcd16bpp.o(.ARM.exidx), (8 bytes).
    Removing lcd16bpp.o(.constdata__ZTIN8touchgfx8LCD16bppE), (12 bytes).
    Removing lcd16bpp.o(.constdata__ZTIN8touchgfx3LCDE), (8 bytes).
    Removing lcd16bpp.o(.constdata__ZTSN8touchgfx8LCD16bppE), (21 bytes).
    Removing lcd16bpp.o(.constdata__ZTSN8touchgfx3LCDE), (16 bytes).
    Removing application.o(.ARM.exidx), (8 bytes).
    Removing application.o(.ARM.exidx), (8 bytes).
    Removing application.o(.ARM.exidx), (8 bytes).
    Removing application.o(.ARM.exidx), (8 bytes).
    Removing application.o(i._ZN8touchgfx11ApplicationD1Ev), (2 bytes).
    Removing application.o(.ARM.exidx), (8 bytes).
    Removing application.o(.ARM.exidx), (8 bytes).
    Removing application.o(.ARM.exidx), (8 bytes).
    Removing application.o(.ARM.exidx), (8 bytes).
    Removing application.o(.ARM.exidx), (8 bytes).
    Removing application.o(.ARM.exidx), (8 bytes).
    Removing application.o(i._ZN8touchgfx11ApplicationD0Ev), (4 bytes).
    Removing application.o(.ARM.exidx), (8 bytes).
    Removing application.o(.ARM.exidx), (8 bytes).
    Removing application.o(.constdata__ZTIN8touchgfx11ApplicationE), (12 bytes).
    Removing application.o(.constdata__ZTIN8touchgfx15UIEventListenerE), (8 bytes).
    Removing application.o(.constdata__ZTSN8touchgfx11ApplicationE), (25 bytes).
    Removing application.o(.constdata__ZTSN8touchgfx15UIEventListenerE), (29 bytes).
    Removing box.o(i._ZN8touchgfx3BoxD1Ev), (2 bytes).
    Removing box.o(.ARM.exidx), (8 bytes).
    Removing box.o(i._ZN8touchgfx3BoxD0Ev), (4 bytes).
    Removing box.o(.ARM.exidx), (8 bytes).
    Removing box.o(i._ZNK8touchgfx3Box7getTypeEv), (4 bytes).
    Removing box.o(.ARM.exidx), (8 bytes).
    Removing box.o(.constdata__ZTIN8touchgfx3BoxE), (12 bytes).
    Removing box.o(.constdata__ZTSN8touchgfx3BoxE), (16 bytes).
    Removing button.o(i._ZN8touchgfx6ButtonD1Ev), (2 bytes).
    Removing button.o(.ARM.exidx), (8 bytes).
    Removing button.o(i._ZNK8touchgfx14AbstractButton15getPressedStateEv), (6 bytes).
    Removing button.o(.ARM.exidx), (8 bytes).
    Removing button.o(i._ZN8touchgfx6ButtonD0Ev), (4 bytes).
    Removing button.o(.ARM.exidx), (8 bytes).
    Removing button.o(i._ZNK8touchgfx6Button7getTypeEv), (4 bytes).
    Removing button.o(.ARM.exidx), (8 bytes).
    Removing button.o(.constdata__ZTIN8touchgfx6ButtonE), (12 bytes).
    Removing button.o(.constdata__ZTSN8touchgfx6ButtonE), (19 bytes).
    Removing container.o(i._ZN8touchgfx9ContainerD1Ev), (2 bytes).
    Removing container.o(.ARM.exidx), (8 bytes).
    Removing container.o(i._ZN8touchgfx9ContainerD0Ev), (4 bytes).
    Removing container.o(.ARM.exidx), (8 bytes).
    Removing container.o(i._ZNK8touchgfx9Container7getTypeEv), (4 bytes).
    Removing container.o(.ARM.exidx), (8 bytes).
    Removing container.o(.constdata__ZTIN8touchgfx9ContainerE), (12 bytes).
    Removing container.o(.constdata__ZTSN8touchgfx9ContainerE), (22 bytes).
    Removing dma.o(.constdata__ZTVN8touchgfx13DMA_InterfaceE), (76 bytes).
    Removing dma.o(i._ZN8touchgfx17LockFreeDMA_QueueD1Ev), (2 bytes).
    Removing dma.o(.ARM.exidx), (8 bytes).
    Removing dma.o(i._ZN8touchgfx13DMA_InterfaceD2Ev), (2 bytes).
    Removing dma.o(.ARM.exidx), (8 bytes).
    Removing dma.o(i._ZN8touchgfx17LockFreeDMA_QueueD0Ev), (4 bytes).
    Removing dma.o(.ARM.exidx), (8 bytes).
    Removing dma.o(i._ZN8touchgfx13DMA_Interface10initializeEv), (2 bytes).
    Removing dma.o(.ARM.exidx), (8 bytes).
    Removing dma.o(i._ZN8touchgfx13DMA_InterfaceD0Ev), (4 bytes).
    Removing dma.o(.ARM.exidx), (8 bytes).
    Removing dma.o(.constdata__ZTIN8touchgfx13DMA_InterfaceE), (8 bytes).
    Removing dma.o(.constdata__ZTIN8touchgfx17LockFreeDMA_QueueE), (12 bytes).
    Removing dma.o(.constdata__ZTIN8touchgfx9DMA_QueueE), (8 bytes).
    Removing dma.o(.constdata__ZTSN8touchgfx17LockFreeDMA_QueueE), (31 bytes).
    Removing dma.o(.constdata__ZTSN8touchgfx13DMA_InterfaceE), (27 bytes).
    Removing dma.o(.constdata__ZTSN8touchgfx9DMA_QueueE), (22 bytes).
    Removing drawable.o(i._ZN8touchgfx8DrawableD2Ev), (2 bytes).
    Removing drawable.o(.ARM.exidx), (8 bytes).
    Removing drawable.o(i._ZN8touchgfx8DrawableD0Ev), (4 bytes).
    Removing drawable.o(.ARM.exidx), (8 bytes).
    Removing drawable.o(i._ZNK8touchgfx8Drawable7getTypeEv), (4 bytes).
    Removing drawable.o(.ARM.exidx), (8 bytes).
    Removing drawable.o(.constdata__ZTIN8touchgfx8DrawableE), (8 bytes).
    Removing drawable.o(.constdata__ZTSN8touchgfx8DrawableE), (21 bytes).
    Removing font.o(.constdata__ZTVN8touchgfx4FontE), (64 bytes).
    Removing font.o(i._ZN8touchgfx4FontD2Ev), (2 bytes).
    Removing font.o(.ARM.exidx), (8 bytes).
    Removing font.o(i._ZNK8touchgfx9GlyphNode3topEv), (32 bytes).
    Removing font.o(.ARM.exidx), (8 bytes).
    Removing font.o(i._ZN8touchgfx4FontD0Ev), (4 bytes).
    Removing font.o(.ARM.exidx), (8 bytes).
    Removing font.o(i._ZNK8touchgfx4Font8getGlyphEt), (22 bytes).
    Removing font.o(.ARM.exidx), (8 bytes).
    Removing font.o(i._ZNK8touchgfx4Font13getFontHeightEv), (4 bytes).
    Removing font.o(.ARM.exidx), (8 bytes).
    Removing font.o(i._ZNK8touchgfx4Font20getMinimumTextHeightEv), (10 bytes).
    Removing font.o(.ARM.exidx), (8 bytes).
    Removing font.o(i._ZNK8touchgfx4Font15getBitsPerPixelEv), (4 bytes).
    Removing font.o(.ARM.exidx), (8 bytes).
    Removing font.o(i._ZNK8touchgfx4Font10getKerningEtPKNS_9GlyphNodeE), (4 bytes).
    Removing font.o(.ARM.exidx), (8 bytes).
    Removing font.o(.constdata__ZTIN8touchgfx4FontE), (8 bytes).
    Removing font.o(.constdata__ZTSN8touchgfx4FontE), (17 bytes).
    Removing hal.o(i._ZN8touchgfx3HALD2Ev), (2 bytes).
    Removing hal.o(.ARM.exidx), (8 bytes).
    Removing hal.o(i._ZN8touchgfx3HALD0Ev), (4 bytes).
    Removing hal.o(.ARM.exidx), (8 bytes).
    Removing hal.o(.ARM.exidx), (8 bytes).
    Removing hal.o(.ARM.exidx), (8 bytes).
    Removing hal.o(.constdata__ZTIN8touchgfx3HALE), (8 bytes).
    Removing hal.o(.constdata__ZTSN8touchgfx3HALE), (16 bytes).
    Removing lcd.o(i._ZN8touchgfx4Edge4stepEv), (132 bytes).
    Removing lcd.o(.ARM.exidx), (8 bytes).
    Removing lcd.o(i._ZN8touchgfx4Edge4stepEi), (26 bytes).
    Removing lcd.o(.ARM.exidx), (8 bytes).
    Removing screen.o(.ARM.exidx), (8 bytes).
    Removing screen.o(.ARM.exidx), (8 bytes).
    Removing screen.o(.ARM.exidx), (8 bytes).
    Removing screen.o(.ARM.exidx), (8 bytes).
    Removing screen.o(.ARM.exidx), (8 bytes).
    Removing screen.o(.ARM.exidx), (8 bytes).
    Removing screen.o(i._ZN8touchgfx6ScreenD0Ev), (14 bytes).
    Removing screen.o(.ARM.exidx), (8 bytes).
    Removing screen.o(.ARM.exidx), (8 bytes).
    Removing screen.o(.ARM.exidx), (8 bytes).
    Removing screen.o(.constdata__ZTIN8touchgfx6ScreenE), (8 bytes).
    Removing screen.o(.constdata__ZTIN8touchgfx10ClickEventE), (12 bytes).
    Removing screen.o(.constdata__ZTIN8touchgfx9DragEventE), (12 bytes).
    Removing screen.o(.constdata__ZTIN8touchgfx12GestureEventE), (12 bytes).
    Removing screen.o(.constdata__ZTSN8touchgfx6ScreenE), (19 bytes).
    Removing screen.o(.constdata__ZTIN8touchgfx5EventE), (8 bytes).
    Removing screen.o(.constdata__ZTSN8touchgfx10ClickEventE), (24 bytes).
    Removing screen.o(.constdata__ZTSN8touchgfx9DragEventE), (22 bytes).
    Removing screen.o(.constdata__ZTSN8touchgfx12GestureEventE), (26 bytes).
    Removing screen.o(.constdata__ZTSN8touchgfx5EventE), (18 bytes).
    Removing screen.o(i._ZN8touchgfx10ClickEventD1Ev), (2 bytes).
    Removing screen.o(.ARM.exidx), (8 bytes).
    Removing screen.o(i._ZN8touchgfx10ClickEventD0Ev), (4 bytes).
    Removing screen.o(.ARM.exidx), (8 bytes).
    Removing screen.o(i._ZN8touchgfx10ClickEvent12getEventTypeEv), (4 bytes).
    Removing screen.o(.ARM.exidx), (8 bytes).
    Removing screen.o(i._ZN8touchgfx9DragEventD1Ev), (2 bytes).
    Removing screen.o(.ARM.exidx), (8 bytes).
    Removing screen.o(i._ZN8touchgfx9DragEventD0Ev), (4 bytes).
    Removing screen.o(.ARM.exidx), (8 bytes).
    Removing screen.o(i._ZN8touchgfx9DragEvent12getEventTypeEv), (4 bytes).
    Removing screen.o(.ARM.exidx), (8 bytes).
    Removing screen.o(i._ZN8touchgfx12GestureEvent12getEventTypeEv), (4 bytes).
    Removing screen.o(.ARM.exidx), (8 bytes).
    Removing screen.o(i._ZN8touchgfx12GestureEventD1Ev), (2 bytes).
    Removing screen.o(.ARM.exidx), (8 bytes).
    Removing screen.o(i._ZN8touchgfx12GestureEventD0Ev), (4 bytes).
    Removing screen.o(.ARM.exidx), (8 bytes).
    Removing textarea.o(.constdata__ZTVN8touchgfx8TextAreaE), (124 bytes).
    Removing textarea.o(i._ZN8touchgfx8TextAreaD1Ev), (2 bytes).
    Removing textarea.o(.ARM.exidx), (8 bytes).
    Removing textarea.o(i._ZNK8touchgfx8TextArea7getTypeEv), (4 bytes).
    Removing textarea.o(.ARM.exidx), (8 bytes).
    Removing textarea.o(i._ZN8touchgfx8TextAreaD0Ev), (4 bytes).
    Removing textarea.o(.ARM.exidx), (8 bytes).
    Removing textarea.o(.constdata__ZTIN8touchgfx8TextAreaE), (12 bytes).
    Removing textarea.o(.constdata__ZTSN8touchgfx8TextAreaE), (21 bytes).
    Removing abstractbutton.o(.constdata__ZTVN8touchgfx14AbstractButtonE), (112 bytes).
    Removing abstractbutton.o(i._ZN8touchgfx14AbstractButtonD2Ev), (2 bytes).
    Removing abstractbutton.o(.ARM.exidx), (8 bytes).
    Removing abstractbutton.o(i._ZNK8touchgfx14AbstractButton7getTypeEv), (4 bytes).
    Removing abstractbutton.o(.ARM.exidx), (8 bytes).
    Removing abstractbutton.o(i._ZN8touchgfx14AbstractButtonD0Ev), (4 bytes).
    Removing abstractbutton.o(.ARM.exidx), (8 bytes).
    Removing abstractbutton.o(.constdata__ZTIN8touchgfx14AbstractButtonE), (12 bytes).
    Removing abstractbutton.o(.constdata__ZTSN8touchgfx14AbstractButtonE), (28 bytes).
    Removing gestures.o(.ARM.exidx), (8 bytes).
    Removing gestures.o(.ARM.exidx), (8 bytes).
    Removing texturemaptypes.o(i._ZN8touchgfx11floorDivModEiiRiS0_), (68 bytes).
    Removing texturemaptypes.o(.ARM.exidx), (8 bytes).
    Removing texturemaptypes.o(i._ZN8touchgfx8ceil28_4Ei), (36 bytes).
    Removing texturemaptypes.o(.ARM.exidx), (8 bytes).
    Removing texturemaptypes.o(i._ZN8touchgfx16fixed28_4ToFloatEi), (24 bytes).
    Removing texturemaptypes.o(.ARM.exidx), (8 bytes).

2690 unused section(s) (total 161885 bytes) removed from the image.

==============================================================================

Memory Map of the image

  Image Entry point : 0x00000000

  Load Region LR_IROM1 (Base: 0x08000000, Size: 0x0000cedc, Max: 0x00200000, ABSOLUTE)

    Execution Region intflash.bin (Base: 0x08000000, Size: 0x0000ccec, Max: 0x00200000, ABSOLUTE)

    Base Addr    Size         Type   Attr      Idx    E Section Name        Object

    0x08000000   0x000001f8   Data   RO          429    RESET               startup_stm32f769xx.o
    0x080001f8   0x00000008   Code   RO        19461  * !!!main             c_w.l(__main.o)
    0x08000200   0x00000002   Code   RO        19867    .ARM.Collect$$libinit$$00000000  c_w.l(libinit.o)
    0x08000202   0x00000004   Code   RO        19673    .ARM.Collect$$libinit$$00000001  c_w.l(libinit2.o)
    0x08000206   0x00000000   Code   RO        19676    .ARM.Collect$$libinit$$00000004  c_w.l(libinit2.o)
    0x08000206   0x00000008   Code   RO        19677    .ARM.Collect$$libinit$$00000005  c_w.l(libinit2.o)
    0x0800020e   0x00000000   Code   RO        19679    .ARM.Collect$$libinit$$0000000A  c_w.l(libinit2.o)
    0x0800020e   0x00000000   Code   RO        19681    .ARM.Collect$$libinit$$0000000C  c_w.l(libinit2.o)
    0x0800020e   0x00000000   Code   RO        19683    .ARM.Collect$$libinit$$0000000E  c_w.l(libinit2.o)
    0x0800020e   0x00000000   Code   RO        19686    .ARM.Collect$$libinit$$00000011  c_w.l(libinit2.o)
    0x0800020e   0x00000000   Code   RO        19688    .ARM.Collect$$libinit$$00000013  c_w.l(libinit2.o)
    0x0800020e   0x00000000   Code   RO        19690    .ARM.Collect$$libinit$$00000015  c_w.l(libinit2.o)
    0x0800020e   0x00000000   Code   RO        19692    .ARM.Collect$$libinit$$00000017  c_w.l(libinit2.o)
    0x0800020e   0x00000000   Code   RO        19694    .ARM.Collect$$libinit$$00000019  c_w.l(libinit2.o)
    0x0800020e   0x00000000   Code   RO        19696    .ARM.Collect$$libinit$$0000001B  c_w.l(libinit2.o)
    0x0800020e   0x00000000   Code   RO        19698    .ARM.Collect$$libinit$$0000001D  c_w.l(libinit2.o)
    0x0800020e   0x00000000   Code   RO        19700    .ARM.Collect$$libinit$$0000001F  c_w.l(libinit2.o)
    0x0800020e   0x00000000   Code   RO        19702    .ARM.Collect$$libinit$$00000021  c_w.l(libinit2.o)
    0x0800020e   0x00000000   Code   RO        19704    .ARM.Collect$$libinit$$00000023  c_w.l(libinit2.o)
    0x0800020e   0x00000000   Code   RO        19706    .ARM.Collect$$libinit$$00000025  c_w.l(libinit2.o)
    0x0800020e   0x00000000   Code   RO        19710    .ARM.Collect$$libinit$$0000002C  c_w.l(libinit2.o)
    0x0800020e   0x00000000   Code   RO        19712    .ARM.Collect$$libinit$$0000002E  c_w.l(libinit2.o)
    0x0800020e   0x00000000   Code   RO        19714    .ARM.Collect$$libinit$$00000030  c_w.l(libinit2.o)
    0x0800020e   0x00000004   Code   RO        19715    .ARM.Collect$$libinit$$00000031  c_w.l(libinit2.o)
    0x08000212   0x00000000   Code   RO        19716    .ARM.Collect$$libinit$$00000032  c_w.l(libinit2.o)
    0x08000212   0x00000002   Code   RO        19717    .ARM.Collect$$libinit$$00000033  c_w.l(libinit2.o)
    0x08000214   0x00000002   Code   RO        19915    .ARM.Collect$$libshutdown$$00000000  c_w.l(libshutdown.o)
    0x08000216   0x00000006   Code   RO        19794    .ARM.Collect$$libshutdown$$00000001  c_w.l(libshutdown2.o)
    0x0800021c   0x00000000   Code   RO        19795    .ARM.Collect$$libshutdown$$00000002  c_w.l(libshutdown2.o)
    0x0800021c   0x00000000   Code   RO        19797    .ARM.Collect$$libshutdown$$00000004  c_w.l(libshutdown2.o)
    0x0800021c   0x00000000   Code   RO        19800    .ARM.Collect$$libshutdown$$00000007  c_w.l(libshutdown2.o)
    0x0800021c   0x00000000   Code   RO        19803    .ARM.Collect$$libshutdown$$0000000A  c_w.l(libshutdown2.o)
    0x0800021c   0x00000000   Code   RO        19805    .ARM.Collect$$libshutdown$$0000000C  c_w.l(libshutdown2.o)
    0x0800021c   0x00000000   Code   RO        19808    .ARM.Collect$$libshutdown$$0000000F  c_w.l(libshutdown2.o)
    0x0800021c   0x00000002   Code   RO        19809    .ARM.Collect$$libshutdown$$00000010  c_w.l(libshutdown2.o)
    0x0800021e   0x00000000   Code   RO        19592    .ARM.Collect$$rtentry$$00000000  c_w.l(__rtentry.o)
    0x0800021e   0x00000000   Code   RO        19743    .ARM.Collect$$rtentry$$00000002  c_w.l(__rtentry2.o)
    0x0800021e   0x00000006   Code   RO        19755    .ARM.Collect$$rtentry$$00000004  c_w.l(__rtentry4.o)
    0x08000224   0x00000000   Code   RO        19745    .ARM.Collect$$rtentry$$00000009  c_w.l(__rtentry2.o)
    0x08000224   0x00000004   Code   RO        19746    .ARM.Collect$$rtentry$$0000000A  c_w.l(__rtentry2.o)
    0x08000228   0x00000000   Code   RO        19748    .ARM.Collect$$rtentry$$0000000C  c_w.l(__rtentry2.o)
    0x08000228   0x00000008   Code   RO        19749    .ARM.Collect$$rtentry$$0000000D  c_w.l(__rtentry2.o)
    0x08000230   0x00000002   Code   RO        19880    .ARM.Collect$$rtexit$$00000000  c_w.l(rtexit.o)
    0x08000232   0x00000000   Code   RO        19891    .ARM.Collect$$rtexit$$00000002  c_w.l(rtexit2.o)
    0x08000232   0x00000004   Code   RO        19892    .ARM.Collect$$rtexit$$00000003  c_w.l(rtexit2.o)
    0x08000236   0x00000006   Code   RO        19893    .ARM.Collect$$rtexit$$00000004  c_w.l(rtexit2.o)
    0x0800023c   0x000000ba   Code   RO        15962    .emb_text           port.o
    0x080002f6   0x00000002   PAD
    0x080002f8   0x00000000   Code   RO        19839    .emb_text           c_w.l(maybetermalloc1.o)
    0x080002f8   0x00000040   Code   RO          430    .text               startup_stm32f769xx.o
    0x08000338   0x00000016   Code   RO        19441    .text               c_w.l(abort.o)
    0x0800034e   0x0000002e   Code   RO        19446    .text               c_w.l(aeabi_atexit.o)
    0x0800037c   0x00000058   Code   RO        19449    .text               c_w.l(memcmp.o)
    0x080003d4   0x0000008a   Code   RO        19451    .text               c_w.l(rt_memcpy_v6.o)
    0x0800045e   0x00000064   Code   RO        19453    .text               c_w.l(rt_memcpy_w.o)
    0x080004c2   0x00000010   Code   RO        19455    .text               c_w.l(aeabi_memset.o)
    0x080004d2   0x0000004e   Code   RO        19457    .text               c_w.l(rt_memclr_w.o)
    0x08000520   0x00000006   Code   RO        19459    .text               c_w.l(heapauxi.o)
    0x08000526   0x00000002   PAD
    0x08000528   0x00000024   Code   RO        19466    .text               c_w.l(init_aeabi.o)
    0x0800054c   0x0000000c   Code   RO        19590    .text               c_w.l(sys_exit.o)
    0x08000558   0x00000008   Code   RO        19596    .text               c_w.l(rt_ddtor_pointer_addr_intlibspace.o)
    0x08000560   0x0000005e   Code   RO        19602    .text               c_w.l(h1_alloc.o)
    0x080005be   0x0000004e   Code   RO        19604    .text               c_w.l(h1_free.o)
    0x0800060c   0x00000042   Code   RO        19660    .text               c_w.l(cxa_finalize.o)
    0x0800064e   0x0000000e   Code   RO        19663    .text               c_w.l(defsig_abrt_outer.o)
    0x0800065c   0x0000000e   Code   RO        19667    .text               c_w.l(defsig_pvfn_outer.o)
    0x0800066a   0x00000044   Code   RO        19671    .text               c_w.l(rt_memclr.o)
    0x080006ae   0x00000002   PAD
    0x080006b0   0x00000008   Code   RO        19734    .text               c_w.l(libspace.o)
    0x080006b8   0x00000002   Code   RO        19737    .text               c_w.l(use_no_semi.o)
    0x080006ba   0x00000000   Code   RO        19741    .text               c_w.l(indicate_semi.o)
    0x080006ba   0x00000002   PAD
    0x080006bc   0x00000008   Code   RO        19762    .text               c_w.l(rt_heap_descriptor_intlibspace.o)
    0x080006c4   0x00000004   Code   RO        19764    .text               c_w.l(hguard.o)
    0x080006c8   0x0000008a   Code   RO        19766    .text               c_w.l(init_alloc.o)
    0x08000752   0x0000000e   Code   RO        19770    .text               c_w.l(h1_init.o)
    0x08000760   0x0000000a   Code   RO        19784    .text               c_w.l(defsig_exit.o)
    0x0800076a   0x00000002   PAD
    0x0800076c   0x00000030   Code   RO        19786    .text               c_w.l(defsig_abrt_inner.o)
    0x0800079c   0x00000030   Code   RO        19788    .text               c_w.l(defsig_pvfn_inner.o)
    0x080007cc   0x0000004a   Code   RO        19830    .text               c_w.l(sys_stackheap_outer.o)
    0x08000816   0x00000034   Code   RO        19841    .text               c_w.l(h1_extend.o)
    0x0800084a   0x00000012   Code   RO        19845    .text               c_w.l(exit.o)
    0x0800085c   0x00000032   Code   RO        19849    .text               c_w.l(defsig_general.o)
    0x0800088e   0x0000000e   Code   RO        19851    .text               c_w.l(defsig_rtmem_outer.o)
    0x0800089c   0x0000000e   Code   RO        19878    .text               c_w.l(sys_wrch.o)
    0x080008aa   0x00000002   PAD
    0x080008ac   0x00000050   Code   RO        19886    .text               c_w.l(defsig_rtmem_inner.o)
    0x080008fc   0x00000138   Code   RO         4057    i.ADC_Init          stm32f7xx_hal_adc.o
    0x08000a34   0x0000001c   Code   RO        14250    i.BSP_LCD_DisplayOn  stm32f769i_discovery_lcd.o
    0x08000a50   0x0000000c   Code   RO        14264    i.BSP_LCD_GetXSize  stm32f769i_discovery_lcd.o
    0x08000a5c   0x0000000c   Code   RO        14265    i.BSP_LCD_GetYSize  stm32f769i_discovery_lcd.o
    0x08000a68   0x000000a8   Code   RO        14270    i.BSP_LCD_MspInit   stm32f769i_discovery_lcd.o
    0x08000b10   0x0000005c   Code   RO        14272    i.BSP_LCD_Reset     stm32f769i_discovery_lcd.o
    0x08000b6c   0x0000000c   Code   RO        14274    i.BSP_LCD_SelectLayer  stm32f769i_discovery_lcd.o
    0x08000b78   0x00000044   Code   RO        13734    i.BSP_LED_Init      stm32f769i_discovery.o
    0x08000bbc   0x0000001c   Code   RO        13735    i.BSP_LED_Off       stm32f769i_discovery.o
    0x08000bd8   0x0000001c   Code   RO        13736    i.BSP_LED_On        stm32f769i_discovery.o
    0x08000bf4   0x00000044   Code   RO        14518    i.BSP_QSPI_EnableMemoryMappedMode  stm32f769i_discovery_qspi.o
    0x08000c38   0x000000b8   Code   RO        14523    i.BSP_QSPI_Init     stm32f769i_discovery_qspi.o
    0x08000cf0   0x00000120   Code   RO        14525    i.BSP_QSPI_MspInit  stm32f769i_discovery_qspi.o
    0x08000e10   0x0000007c   Code   RO        14749    i.BSP_SDRAM_Init    stm32f769i_discovery_sdram.o
    0x08000e8c   0x0000008c   Code   RO        14750    i.BSP_SDRAM_Initialization_sequence  stm32f769i_discovery_sdram.o
    0x08000f18   0x00000168   Code   RO        14752    i.BSP_SDRAM_MspInit  stm32f769i_discovery_sdram.o
    0x08001080   0x000000e4   Code   RO        14830    i.BSP_TS_GetState   stm32f769i_discovery_ts.o
    0x08001164   0x00000050   Code   RO        14833    i.BSP_TS_Init       stm32f769i_discovery_ts.o
    0x080011b4   0x00000024   Code   RO         2168    i.DMA2D_IRQHandler  stm32f7hal_dsi.o
    0x080011d8   0x000000a0   Code   RO         5354    i.DMA2D_SetConfig   stm32f7xx_hal_dma2d.o
    0x08001278   0x00000028   Code   RO         5207    i.DMA_CalcBaseAndBitshift  stm32f7xx_hal_dma.o
    0x080012a0   0x00000054   Code   RO         5208    i.DMA_CheckFifoParam  stm32f7xx_hal_dma.o
    0x080012f4   0x00000014   Code   RO         5551    i.DSI_ConfigPacketHeader  stm32f7xx_hal_dsi.o
    0x08001308   0x00000030   Code   RO        14285    i.DSI_IO_WriteCmd   stm32f769i_discovery_lcd.o
    0x08001338   0x000001d4   Code   RO         2169    i.DSI_IRQHandler    stm32f7hal_dsi.o
    0x0800150c   0x0000005e   Code   RO        12436    i.FMC_SDRAM_Init    stm32f7xx_ll_fmc.o
    0x0800156a   0x0000000c   Code   RO        12437    i.FMC_SDRAM_ProgramRefreshRate  stm32f7xx_ll_fmc.o
    0x08001576   0x00000048   Code   RO        12438    i.FMC_SDRAM_SendCommand  stm32f7xx_ll_fmc.o
    0x080015be   0x00000002   PAD
    0x080015c0   0x0000008c   Code   RO        12440    i.FMC_SDRAM_Timing_Init  stm32f7xx_ll_fmc.o
    0x0800164c   0x00000164   Code   RO         4059    i.HAL_ADC_ConfigChannel  stm32f7xx_hal_adc.o
    0x080017b0   0x00000054   Code   RO         4068    i.HAL_ADC_Init      stm32f7xx_hal_adc.o
    0x08001804   0x00000004   Code   RO         4071    i.HAL_ADC_MspInit   stm32f7xx_hal_adc.o
    0x08001808   0x000000ac   Code   RO         4072    i.HAL_ADC_MspInit2  stm32f7xx_hal_adc.o
    0x080018b4   0x00000060   Code   RO         5355    i.HAL_DMA2D_Abort   stm32f7xx_hal_dma2d.o
    0x08001914   0x00000048   Code   RO         5357    i.HAL_DMA2D_BlendingStart_IT  stm32f7xx_hal_dma2d.o
    0x0800195c   0x0000006a   Code   RO         5361    i.HAL_DMA2D_CLUTLoading_Abort  stm32f7xx_hal_dma2d.o
    0x080019c6   0x00000002   PAD
    0x080019c8   0x000000ec   Code   RO         5366    i.HAL_DMA2D_ConfigLayer  stm32f7xx_hal_dma2d.o
    0x08001ab4   0x00000070   Code   RO         5367    i.HAL_DMA2D_DeInit  stm32f7xx_hal_dma2d.o
    0x08001b24   0x00000092   Code   RO         5374    i.HAL_DMA2D_Init    stm32f7xx_hal_dma2d.o
    0x08001bb6   0x00000002   Code   RO         5376    i.HAL_DMA2D_MspDeInit  stm32f7xx_hal_dma2d.o
    0x08001bb8   0x00000002   Code   RO         5377    i.HAL_DMA2D_MspInit  stm32f7xx_hal_dma2d.o
    0x08001bba   0x0000003e   Code   RO         5382    i.HAL_DMA2D_Start_IT  stm32f7xx_hal_dma2d.o
    0x08001bf8   0x00000056   Code   RO         5212    i.HAL_DMA_DeInit    stm32f7xx_hal_dma.o
    0x08001c4e   0x00000002   PAD
    0x08001c50   0x000000e0   Code   RO         5216    i.HAL_DMA_Init      stm32f7xx_hal_dma.o
    0x08001d30   0x00000110   Code   RO         5553    i.HAL_DSI_ConfigAdaptedCommandMode  stm32f7xx_hal_dsi.o
    0x08001e40   0x00000074   Code   RO         5554    i.HAL_DSI_ConfigCommand  stm32f7xx_hal_dsi.o
    0x08001eb4   0x0000002a   Code   RO         5556    i.HAL_DSI_ConfigFlowControl  stm32f7xx_hal_dsi.o
    0x08001ede   0x00000060   Code   RO         5560    i.HAL_DSI_DeInit    stm32f7xx_hal_dsi.o
    0x08001f3e   0x00000002   PAD
    0x08001f40   0x00000160   Code   RO         5573    i.HAL_DSI_Init      stm32f7xx_hal_dsi.o
    0x080020a0   0x0000009c   Code   RO         5574    i.HAL_DSI_LongWrite  stm32f7xx_hal_dsi.o
    0x0800213c   0x00000002   Code   RO         5575    i.HAL_DSI_MspDeInit  stm32f7xx_hal_dsi.o
    0x0800213e   0x00000002   Code   RO         5576    i.HAL_DSI_MspInit   stm32f7xx_hal_dsi.o
    0x08002140   0x00000024   Code   RO         5580    i.HAL_DSI_Refresh   stm32f7xx_hal_dsi.o
    0x08002164   0x0000005e   Code   RO         5589    i.HAL_DSI_ShortWrite  stm32f7xx_hal_dsi.o
    0x080021c2   0x0000002e   Code   RO         5591    i.HAL_DSI_Start     stm32f7xx_hal_dsi.o
    0x080021f0   0x00000016   Code   RO         3883    i.HAL_Delay         stm32f7xx_hal.o
    0x08002206   0x00000002   PAD
    0x08002208   0x000001d8   Code   RO         6159    i.HAL_GPIO_Init     stm32f7xx_hal_gpio.o
    0x080023e0   0x0000000a   Code   RO         6163    i.HAL_GPIO_WritePin  stm32f7xx_hal_gpio.o
    0x080023ea   0x00000002   PAD
    0x080023ec   0x0000000c   Code   RO         3893    i.HAL_GetTick       stm32f7xx_hal.o
    0x080023f8   0x00000034   Code   RO         6424    i.HAL_I2C_DeInit    stm32f7xx_hal_i2c.o
    0x0800242c   0x00000006   Code   RO         6432    i.HAL_I2C_GetState  stm32f7xx_hal_i2c.o
    0x08002432   0x00000002   PAD
    0x08002434   0x000000b0   Code   RO         6433    i.HAL_I2C_Init      stm32f7xx_hal_i2c.o
    0x080024e4   0x0000016c   Code   RO         6449    i.HAL_I2C_Mem_Read  stm32f7xx_hal_i2c.o
    0x08002650   0x00000168   Code   RO         6452    i.HAL_I2C_Mem_Write  stm32f7xx_hal_i2c.o
    0x080027b8   0x00000002   Code   RO         6455    i.HAL_I2C_MspDeInit  stm32f7xx_hal_i2c.o
    0x080027ba   0x00000002   Code   RO         6456    i.HAL_I2C_MspInit   stm32f7xx_hal_i2c.o
    0x080027bc   0x00000010   Code   RO         3894    i.HAL_IncTick       stm32f7xx_hal.o
    0x080027cc   0x00000024   Code   RO         3895    i.HAL_Init          stm32f7xx_hal.o
    0x080027f0   0x00000028   Code   RO         3896    i.HAL_InitTick      stm32f7xx_hal.o
    0x08002818   0x00000052   Code   RO         7561    i.HAL_LTDC_ConfigLayer  stm32f7xx_hal_ltdc.o
    0x0800286a   0x00000018   Code   RO         7563    i.HAL_LTDC_DeInit   stm32f7xx_hal_ltdc.o
    0x08002882   0x00000002   PAD
    0x08002884   0x00000100   Code   RO         7578    i.HAL_LTDC_Init     stm32f7xx_hal_ltdc.o
    0x08002984   0x00000002   Code   RO         7580    i.HAL_LTDC_MspDeInit  stm32f7xx_hal_ltdc.o
    0x08002986   0x00000002   Code   RO         7581    i.HAL_LTDC_MspInit  stm32f7xx_hal_ltdc.o
    0x08002988   0x00000094   Code   RO         7589    i.HAL_LTDC_SetPitch  stm32f7xx_hal_ltdc.o
    0x08002a1c   0x0000005c   Code   RO         4563    i.HAL_MPU_ConfigRegion  stm32f7xx_hal_cortex.o
    0x08002a78   0x00000002   Code   RO         7816    i.HAL_MspInit       stm32f7xx_hal_msp_template.o
    0x08002a7a   0x00000016   Code   RO         4565    i.HAL_NVIC_DisableIRQ  stm32f7xx_hal_cortex.o
    0x08002a90   0x00000016   Code   RO         4566    i.HAL_NVIC_EnableIRQ  stm32f7xx_hal_cortex.o
    0x08002aa6   0x00000002   PAD
    0x08002aa8   0x00000040   Code   RO         4572    i.HAL_NVIC_SetPriority  stm32f7xx_hal_cortex.o
    0x08002ae8   0x00000024   Code   RO         4573    i.HAL_NVIC_SetPriorityGrouping  stm32f7xx_hal_cortex.o
    0x08002b0c   0x0000006c   Code   RO         8534    i.HAL_PWREx_EnableOverDrive  stm32f7xx_hal_pwr_ex.o
    0x08002b78   0x000000ac   Code   RO         8623    i.HAL_QSPI_AutoPolling  stm32f7xx_hal_qspi.o
    0x08002c24   0x00000086   Code   RO         8626    i.HAL_QSPI_Command  stm32f7xx_hal_qspi.o
    0x08002caa   0x0000003a   Code   RO         8628    i.HAL_QSPI_DeInit   stm32f7xx_hal_qspi.o
    0x08002ce4   0x000000c0   Code   RO         8635    i.HAL_QSPI_Init     stm32f7xx_hal_qspi.o
    0x08002da4   0x0000008c   Code   RO         8636    i.HAL_QSPI_MemoryMapped  stm32f7xx_hal_qspi.o
    0x08002e30   0x00000002   Code   RO         8637    i.HAL_QSPI_MspDeInit  stm32f7xx_hal_qspi.o
    0x08002e32   0x00000002   Code   RO         8638    i.HAL_QSPI_MspInit  stm32f7xx_hal_qspi.o
    0x08002e34   0x000000bc   Code   RO         8639    i.HAL_QSPI_Receive  stm32f7xx_hal_qspi.o
    0x08002ef0   0x000000b4   Code   RO         8648    i.HAL_QSPI_Transmit  stm32f7xx_hal_qspi.o
    0x08002fa4   0x0000071c   Code   RO         8980    i.HAL_RCCEx_PeriphCLKConfig  stm32f7xx_hal_rcc_ex.o
    0x080036c0   0x00000164   Code   RO         8877    i.HAL_RCC_ClockConfig  stm32f7xx_hal_rcc.o
    0x08003824   0x00000084   Code   RO         8886    i.HAL_RCC_GetSysClockFreq  stm32f7xx_hal_rcc.o
    0x080038a8   0x00000338   Code   RO         8981    i.HAL_RCC_OscConfig  stm32f7xx_hal_rcc_ex.o
    0x08003be0   0x00000042   Code   RO        10020    i.HAL_SDRAM_Init    stm32f7xx_hal_sdram.o
    0x08003c22   0x00000002   Code   RO        10022    i.HAL_SDRAM_MspInit  stm32f7xx_hal_sdram.o
    0x08003c24   0x00000022   Code   RO        10023    i.HAL_SDRAM_ProgramRefreshRate  stm32f7xx_hal_sdram.o
    0x08003c46   0x00000002   PAD
    0x08003c48   0x00000030   Code   RO        10029    i.HAL_SDRAM_SendCommand  stm32f7xx_hal_sdram.o
    0x08003c78   0x00000026   Code   RO         4577    i.HAL_SYSTICK_Config  stm32f7xx_hal_cortex.o
    0x08003c9e   0x00000030   Code   RO        10950    i.HAL_TIM_Base_Init  stm32f7xx_hal_tim.o
    0x08003cce   0x00000002   Code   RO        10952    i.HAL_TIM_Base_MspInit  stm32f7xx_hal_tim.o
    0x08003cd0   0x0000001a   Code   RO        10953    i.HAL_TIM_Base_Start  stm32f7xx_hal_tim.o
    0x08003cea   0x00000022   Code   RO         6475    i.I2C_Flush_TXDR    stm32f7xx_hal_i2c.o
    0x08003d0c   0x0000007c   Code   RO         6483    i.I2C_IsAcknowledgeFailed  stm32f7xx_hal_i2c.o
    0x08003d88   0x0000006e   Code   RO         6486    i.I2C_RequestMemoryRead  stm32f7xx_hal_i2c.o
    0x08003df6   0x0000006e   Code   RO         6487    i.I2C_RequestMemoryWrite  stm32f7xx_hal_i2c.o
    0x08003e64   0x00000024   Code   RO         6490    i.I2C_TransferConfig  stm32f7xx_hal_i2c.o
    0x08003e88   0x00000052   Code   RO         6491    i.I2C_WaitOnFlagUntilTimeout  stm32f7xx_hal_i2c.o
    0x08003eda   0x00000050   Code   RO         6493    i.I2C_WaitOnSTOPFlagUntilTimeout  stm32f7xx_hal_i2c.o
    0x08003f2a   0x00000054   Code   RO         6494    i.I2C_WaitOnTXISFlagUntilTimeout  stm32f7xx_hal_i2c.o
    0x08003f7e   0x00000012   Code   RO        13745    i.I2Cx_Error        stm32f769i_discovery.o
    0x08003f90   0x00000050   Code   RO        13746    i.I2Cx_Init         stm32f769i_discovery.o
    0x08003fe0   0x00000144   Code   RO        13747    i.I2Cx_MspInit      stm32f769i_discovery.o
    0x08004124   0x0000002a   Code   RO        13748    i.I2Cx_ReadMultiple  stm32f769i_discovery.o
    0x0800414e   0x0000002a   Code   RO        13749    i.I2Cx_WriteMultiple  stm32f769i_discovery.o
    0x08004178   0x00000038   Code   RO         2573    i.LCD_ReqTear       boardconfiguration.o
    0x080041b0   0x00000024   Code   RO         2574    i.LCD_SetUpdateRegion  boardconfiguration.o
    0x080041d4   0x00000020   Code   RO         2575    i.LCD_SetUpdateRegionLeft  boardconfiguration.o
    0x080041f4   0x00000020   Code   RO         2576    i.LCD_SetUpdateRegionRight  boardconfiguration.o
    0x08004214   0x00000024   Code   RO         2170    i.LTDC_ER_IRQHandler  stm32f7hal_dsi.o
    0x08004238   0x000001d0   Code   RO         7597    i.LTDC_SetConfig    stm32f7xx_hal_ltdc.o
    0x08004408   0x00000022   Code   RO         4579    i.NVIC_SetPriority  stm32f7xx_hal_cortex.o
    0x0800442a   0x00000002   PAD
    0x0800442c   0x00000030   Code   RO        15963    i.OS_SysTick        port.o
    0x0800445c   0x00000004   Code   RO        13750    i.OTM8009A_IO_Delay  stm32f769i_discovery.o
    0x08004460   0x00000400   Code   RO        13608    i.OTM8009A_Init     otm8009a.o
    0x08004860   0x00000046   Code   RO        14528    i.QSPI_AutoPollingMemReady  stm32f769i_discovery_qspi.o
    0x080048a6   0x000001a8   Code   RO         8653    i.QSPI_Config       stm32f7xx_hal_qspi.o
    0x08004a4e   0x000000de   Code   RO        14529    i.QSPI_DummyCyclesCfg  stm32f769i_discovery_qspi.o
    0x08004b2c   0x00000074   Code   RO        14530    i.QSPI_EnterMemory_QPI  stm32f769i_discovery_qspi.o
    0x08004ba0   0x000000dc   Code   RO        14531    i.QSPI_OutDrvStrengthCfg  stm32f769i_discovery_qspi.o
    0x08004c7c   0x0000017e   Code   RO        14532    i.QSPI_ResetMemory  stm32f769i_discovery_qspi.o
    0x08004dfa   0x00000048   Code   RO         8660    i.QSPI_WaitFlagStateUntilTimeout  stm32f7xx_hal_qspi.o
    0x08004e42   0x00000066   Code   RO        14533    i.QSPI_WriteEnable  stm32f769i_discovery_qspi.o
    0x08004ea8   0x0000001c   Code   RO         2577    i.SysTick_Handler   boardconfiguration.o
    0x08004ec4   0x00000054   Code   RO          167    i.SystemInit        system_stm32f7xx.o
    0x08004f18   0x000000c4   Code   RO        11034    i.TIM_Base_SetConfig  stm32f7xx_hal_tim.o
    0x08004fdc   0x0000000c   Code   RO        13752    i.TS_IO_Init        stm32f769i_discovery.o
    0x08004fe8   0x00000028   Code   RO        13753    i.TS_IO_Read        stm32f769i_discovery.o
    0x08005010   0x00000018   Code   RO        13754    i.TS_IO_ReadMultiple  stm32f769i_discovery.o
    0x08005028   0x00000020   Code   RO        13755    i.TS_IO_Write       stm32f769i_discovery.o
    0x08005048   0x0000001c   Code   RO        15865    i._Z12IdleTaskHookPv  oswrappers.o
    0x08005064   0x00000016   Code   RO         1777    i._Z14NVIC_EnableIRQ9IRQn_Type  stm32f7dma.o
    0x0800507a   0x00000016   Code   RO         2171    i._Z14NVIC_EnableIRQ9IRQn_Type  stm32f7hal_dsi.o
    0x08005090   0x00000016   Code   RO         1778    i._Z15NVIC_DisableIRQ9IRQn_Type  stm32f7dma.o
    0x080050a6   0x00000016   Code   RO         2172    i._Z15NVIC_DisableIRQ9IRQn_Type  stm32f7hal_dsi.o
    0x080050bc   0x00000022   Code   RO         2173    i._Z16NVIC_SetPriority9IRQn_Typej  stm32f7hal_dsi.o
    0x080050de   0x00000002   PAD
    0x080050e0   0x0000006c   Code   RO         2578    i._Z16TEMP_SENSOR_Initv  boardconfiguration.o
    0x0800514c   0x0000007c   Code   RO         2579    i._Z18SystemClock_Configv  boardconfiguration.o
    0x080051c8   0x00000010   Code   RO            1    i._Z7GUITaskPv      main.o
    0x080051d8   0x00000134   Code   RO         2581    i._Z8LCD_Initv      boardconfiguration.o
    0x0800530c   0x00000054   Code   RO         2582    i._Z9LTDC_Initv     boardconfiguration.o
    0x08005360   0x00000018   Code   RO         1779    i._ZN10STM32F7DMA10initializeEv  stm32f7dma.o
    0x08005378   0x00000014   Code   RO         1780    i._ZN10STM32F7DMA11getBlitCapsEv  stm32f7dma.o
    0x0800538c   0x000001d8   Code   RO         1781    i._ZN10STM32F7DMA13setupDataCopyERKN8touchgfx6BlitOpE  stm32f7dma.o
    0x08005564   0x000000e4   Code   RO         1782    i._ZN10STM32F7DMA13setupDataFillERKN8touchgfx6BlitOpE  stm32f7dma.o
    0x08005648   0x00000006   Code   RO         1851    i._ZN10STM32F7DMA18signalDMAInterruptEv  stm32f7dma.o
    0x0800564e   0x00000002   PAD
    0x08005650   0x0000004c   Code   RO         1783    i._ZN10STM32F7DMAC1Ev  stm32f7dma.o
    0x0800569c   0x0000000c   Code   RO         1785    i._ZN10STM32F7DMAD1Ev  stm32f7dma.o
    0x080056a8   0x000000a8   Code   RO         2699    i._ZN12FrontendHeap11getInstanceEv  boardconfiguration.o
    0x08005750   0x0000002c   Code   RO         2674    i._ZN12FrontendHeapD1Ev  boardconfiguration.o
    0x0800577c   0x0000008e   Code   RO         1352    i._ZN12TemplateView10clickedBtnERKN8touchgfx14AbstractButtonE  templateview.o
    0x0800580a   0x00000002   PAD
    0x0800580c   0x00000100   Code   RO         1353    i._ZN12TemplateView11setupScreenEv  templateview.o
    0x0800590c   0x00000002   Code   RO         1354    i._ZN12TemplateView14tearDownScreenEv  templateview.o
    0x0800590e   0x00000002   PAD
    0x08005910   0x00000024   Code   RO         1355    i._ZN12TemplateView8setCountEi  templateview.o
    0x08005934   0x00000080   Code   RO          481    i._ZN12TemplateViewC1Ev  frontendapplication.o
    0x080059b4   0x0000000c   Code   RO         1382    i._ZN12TemplateViewD1Ev  templateview.o
    0x080059c0   0x00000008   Code   RO         1603    i._ZN14BitmapDatabase11getInstanceEv  bitmapdatabase.o
    0x080059c8   0x00000004   Code   RO         1604    i._ZN14BitmapDatabase15getInstanceSizeEv  bitmapdatabase.o
    0x080059cc   0x00000010   Code   RO         2174    i._ZN14STM32F7HAL_DSI10beginFrameEv  stm32f7hal_dsi.o
    0x080059dc   0x00000018   Code   RO         2175    i._ZN14STM32F7HAL_DSI16enableInterruptsEv  stm32f7hal_dsi.o
    0x080059f4   0x00000012   Code   RO         2176    i._ZN14STM32F7HAL_DSI17disableInterruptsEv  stm32f7hal_dsi.o
    0x08005a06   0x00000002   PAD
    0x08005a08   0x00000048   Code   RO         2177    i._ZN14STM32F7HAL_DSI17setTFTFrameBufferEPt  stm32f7hal_dsi.o
    0x08005a50   0x00000016   Code   RO         2178    i._ZN14STM32F7HAL_DSI19configureInterruptsEv  stm32f7hal_dsi.o
    0x08005a66   0x00000002   PAD
    0x08005a68   0x00000088   Code   RO         2179    i._ZN14STM32F7HAL_DSI26setFrameBufferStartAddressEPvtbb  stm32f7hal_dsi.o
    0x08005af0   0x0000003c   Code   RO         2180    i._ZN14STM32F7HAL_DSI28enableLCDControllerInterruptEv  stm32f7hal_dsi.o
    0x08005b2c   0x0000001c   Code   RO         2181    i._ZN14STM32F7HAL_DSI8endFrameEv  stm32f7hal_dsi.o
    0x08005b48   0x00000002   Code   RO         2280    i._ZN14STM32F7HAL_DSID1Ev  stm32f7hal_dsi.o
    0x08005b4a   0x00000002   Code   RO         1137    i._ZN17TemplatePresenter10deactivateEv  templatepresenter.o
    0x08005b4c   0x00000006   Code   RO         1138    i._ZN17TemplatePresenter12isBtnClickedEv  templatepresenter.o
    0x08005b52   0x0000000a   Code   RO         1139    i._ZN17TemplatePresenter3incEv  templatepresenter.o
    0x08005b5c   0x0000000c   Code   RO         1140    i._ZN17TemplatePresenter5resetEv  templatepresenter.o
    0x08005b68   0x00000006   Code   RO         1141    i._ZN17TemplatePresenter6getAccEv  templatepresenter.o
    0x08005b6e   0x00000010   Code   RO         1142    i._ZN17TemplatePresenter6toggleEv  templatepresenter.o
    0x08005b7e   0x00000008   Code   RO         1143    i._ZN17TemplatePresenter8activateEv  templatepresenter.o
    0x08005b86   0x00000002   PAD
    0x08005b88   0x00000018   Code   RO         1144    i._ZN17TemplatePresenterC1ER12TemplateView  templatepresenter.o
    0x08005ba0   0x00000002   Code   RO         1190    i._ZN17TemplatePresenterD1Ev  templatepresenter.o
    0x08005ba2   0x00000002   PAD
    0x08005ba4   0x0000000c   Code   RO         1718    i._ZN17TypedTextDatabase11getInstanceEt  typedtextdatabase.o
    0x08005bb0   0x00000004   Code   RO         1719    i._ZN17TypedTextDatabase15getInstanceSizeEv  typedtextdatabase.o
    0x08005bb4   0x00000008   Code   RO         1720    i._ZN17TypedTextDatabase8getFontsEv  typedtextdatabase.o
    0x08005bbc   0x00000016   Code   RO          541    i._ZN19FrontendApplication15handleTickEventEv  frontendapplication.o
    0x08005bd2   0x00000002   PAD
    0x08005bd4   0x0000001c   Code   RO          434    i._ZN19FrontendApplication18gotoTemplateScreenEv  frontendapplication.o
    0x08005bf0   0x00000024   Code   RO          435    i._ZN19FrontendApplication22gotoTemplateScreenImplEv  frontendapplication.o
    0x08005c14   0x0000004c   Code   RO          436    i._ZN19FrontendApplicationC1ER5ModelR12FrontendHeap  frontendapplication.o
    0x08005c60   0x0000000c   Code   RO          532    i._ZN19FrontendApplicationD1Ev  frontendapplication.o
    0x08005c6c   0x00000024   Code   RO         3538    i._ZN22OTM8009TouchController11sampleTouchERiS0_  otm8009touchcontroller.o
    0x08005c90   0x00000018   Code   RO         3539    i._ZN22OTM8009TouchController4initEv  otm8009touchcontroller.o
    0x08005ca8   0x00000002   Code   RO         2677    i._ZN22OTM8009TouchControllerD1Ev  boardconfiguration.o
    0x08005caa   0x00000002   Code   RO         1560    i._ZN23ApplicationFontProviderD1Ev  applicationfontprovider.o
    0x08005cac   0x00000002   Code   RO         1113    i._ZN5Model4tickEv  model.o
    0x08005cae   0x0000000a   Code   RO         1114    i._ZN5ModelC1Ev     model.o
    0x08005cb8   0x00000018   Code   RO        18473    i._ZN8touchgfx10ClickEventC1ENS0_14ClickEventTypeEsss  touchgfx_core.lib(screen.o)
    0x08005cd0   0x00000030   Code   RO        15866    i._ZN8touchgfx10OSWrappers10initializeEv  oswrappers.o
    0x08005d00   0x00000038   Code   RO        15867    i._ZN8touchgfx10OSWrappers11signalVSyncEv  oswrappers.o
    0x08005d38   0x00000024   Code   RO        15868    i._ZN8touchgfx10OSWrappers12waitForVSyncEv  oswrappers.o
    0x08005d5c   0x00000014   Code   RO        15869    i._ZN8touchgfx10OSWrappers24giveFrameBufferSemaphoreEv  oswrappers.o
    0x08005d70   0x00000014   Code   RO        15870    i._ZN8touchgfx10OSWrappers24takeFrameBufferSemaphoreEv  oswrappers.o
    0x08005d84   0x00000014   Code   RO        15871    i._ZN8touchgfx10OSWrappers27tryTakeFrameBufferSemaphoreEv  oswrappers.o
    0x08005d98   0x00000030   Code   RO        15872    i._ZN8touchgfx10OSWrappers31giveFrameBufferSemaphoreFromISREv  oswrappers.o
    0x08005dc8   0x00000004   Code   RO          559    i._ZN8touchgfx10Transition18setScreenContainerERNS_9ContainerE  frontendapplication.o
    0x08005dcc   0x00000002   Code   RO          553    i._ZN8touchgfx10Transition4initEv  frontendapplication.o
    0x08005dce   0x00000002   Code   RO          547    i._ZN8touchgfx10Transition8tearDownEv  frontendapplication.o
    0x08005dd0   0x0000000c   Code   RO        16400    i._ZN8touchgfx11Application11getInstanceEv  touchgfx_core.lib(application.o)
    0x08005ddc   0x00000014   Code   RO        16402    i._ZN8touchgfx11Application14handleKeyEventEh  touchgfx_core.lib(application.o)
    0x08005df0   0x000000f2   Code   RO        16403    i._ZN8touchgfx11Application14invalidateAreaENS_4RectE  touchgfx_core.lib(application.o)
    0x08005ee2   0x00000002   PAD
    0x08005ee4   0x00000014   Code   RO        16404    i._ZN8touchgfx11Application15handleDragEventERKNS_9DragEventE  touchgfx_core.lib(application.o)
    0x08005ef8   0x00000100   Code   RO        16405    i._ZN8touchgfx11Application15handleTickEventEv  touchgfx_core.lib(application.o)
    0x08005ff8   0x00000014   Code   RO        16406    i._ZN8touchgfx11Application16handleClickEventERKNS_10ClickEventE  touchgfx_core.lib(application.o)
    0x0800600c   0x00000014   Code   RO        16407    i._ZN8touchgfx11Application18handleGestureEventERKNS_12GestureEventE  touchgfx_core.lib(application.o)
    0x08006020   0x000001a4   Code   RO        16408    i._ZN8touchgfx11Application19cacheDrawOperationsEb  touchgfx_core.lib(application.o)
    0x080061c4   0x00000016   Code   RO        16410    i._ZN8touchgfx11Application20clearAllTimerWidgetsEv  touchgfx_core.lib(application.o)
    0x080061da   0x00000002   Code   RO        16412    i._ZN8touchgfx11Application29handlePendingScreenTransitionEv  touchgfx_core.lib(application.o)
    0x080061dc   0x00000084   Code   RO        16413    i._ZN8touchgfx11Application4drawERNS_4RectE  touchgfx_core.lib(application.o)
    0x08006260   0x00000030   Code   RO        16414    i._ZN8touchgfx11Application4drawEv  touchgfx_core.lib(application.o)
    0x08006290   0x00000044   Code   RO        16415    i._ZN8touchgfx11ApplicationC1Ev  touchgfx_core.lib(application.o)
    0x080062d4   0x0000000c   Code   RO        17907    i._ZN8touchgfx11FontManager15setFontProviderEPNS_12FontProviderE  touchgfx_core.lib(fontmanager.o)
    0x080062e0   0x00000018   Code   RO        19220    i._ZN8touchgfx12GestureEventC1ENS0_11GestureTypeEsss  touchgfx_core.lib(gestures.o)
    0x080062f8   0x00000006   Code   RO          686    i._ZN8touchgfx12NoTransition15handleTickEventEv  frontendapplication.o
    0x080062fe   0x00000002   Code   RO          677    i._ZN8touchgfx12NoTransitionD1Ev  frontendapplication.o
    0x08006300   0x00000008   Code   RO        19270    i._ZN8touchgfx12TextProvider10initializeEPKtSt9__va_list  touchgfx_core.lib(textprovider.o)
    0x08006308   0x00000016   Code   RO        19271    i._ZN8touchgfx12TextProvider11getNextCharEv  touchgfx_core.lib(textprovider.o)
    0x0800631e   0x00000002   PAD
    0x08006320   0x00000040   Code   RO        19272    i._ZN8touchgfx12TextProvider15getNextLigatureEh  touchgfx_core.lib(textprovider.o)
    0x08006360   0x00000044   Code   RO        19274    i._ZN8touchgfx12TextProvider18initializeInternalEv  touchgfx_core.lib(textprovider.o)
    0x080063a4   0x00000078   Code   RO        19275    i._ZN8touchgfx12TextProvider19getNextCharInternalEv  touchgfx_core.lib(textprovider.o)
    0x0800641c   0x00000014   Code   RO        19277    i._ZN8touchgfx12TextProviderC1Ev  touchgfx_core.lib(textprovider.o)
    0x08006430   0x00000044   Code   RO        17470    i._ZN8touchgfx13DMA_Interface10addToQueueERKNS_6BlitOpE  touchgfx_core.lib(dma.o)
    0x08006474   0x00000002   Code   RO        17471    i._ZN8touchgfx13DMA_Interface11enableAlphaEh  touchgfx_core.lib(dma.o)
    0x08006476   0x00000002   Code   RO        17472    i._ZN8touchgfx13DMA_Interface12disableAlphaEv  touchgfx_core.lib(dma.o)
    0x08006478   0x00000006   Code   RO        17473    i._ZN8touchgfx13DMA_Interface13seedExecutionEv  touchgfx_core.lib(dma.o)
    0x0800647e   0x00000008   Code   RO        17475    i._ZN8touchgfx13DMA_Interface15isDmaQueueEmptyEv  touchgfx_core.lib(dma.o)
    0x08006486   0x0000003c   Code   RO        17476    i._ZN8touchgfx13DMA_Interface16executeCompletedEv  touchgfx_core.lib(dma.o)
    0x080064c2   0x0000000e   Code   RO        17477    i._ZN8touchgfx13DMA_Interface27waitForFrameBufferSemaphoreEv  touchgfx_core.lib(dma.o)
    0x080064d0   0x00000006   Code   RO         1858    i._ZN8touchgfx13DMA_Interface5flushEv  stm32f7dma.o
    0x080064d6   0x0000002a   Code   RO        17479    i._ZN8touchgfx13DMA_Interface5startEv  touchgfx_core.lib(dma.o)
    0x08006500   0x0000007a   Code   RO        17480    i._ZN8touchgfx13DMA_Interface7executeEv  touchgfx_core.lib(dma.o)
    0x0800657a   0x00000002   PAD
    0x0800657c   0x00000070   Code   RO         2583    i._ZN8touchgfx13touchgfx_initEv  boardconfiguration.o
    0x080065ec   0x00000054   Code   RO        19039    i._ZN8touchgfx14AbstractButton16handleClickEventERKNS_10ClickEventE  touchgfx_core.lib(abstractbutton.o)
    0x08006640   0x00000028   Code   RO          655    i._ZN8touchgfx14MVPApplication29handlePendingScreenTransitionEv  frontendapplication.o
    0x08006668   0x00000094   Code   RO        19376    i._ZN8touchgfx16TouchCalibration14translatePointERNS_5PointE  touchgfx_core.lib(touchcalibration.o)
    0x080066fc   0x00000068   Code   RO        19379    i._ZN8touchgfx16TouchCalibration6muldivEiiiiiiRi  touchgfx_core.lib(touchcalibration.o)
    0x08006764   0x00000010   Code   RO        16064    i._ZN8touchgfx17AbstractPartitionC2Ev  touchgfx_core.lib(abstractpartition.o)
    0x08006774   0x00000002   Code   RO        16066    i._ZN8touchgfx17AbstractPartitionD2Ev  touchgfx_core.lib(abstractpartition.o)
    0x08006776   0x0000003a   Code   RO        17481    i._ZN8touchgfx17LockFreeDMA_Queue10pushCopyOfERKNS_6BlitOpE  touchgfx_core.lib(dma.o)
    0x080067b0   0x00000022   Code   RO        17482    i._ZN8touchgfx17LockFreeDMA_Queue3popEv  touchgfx_core.lib(dma.o)
    0x080067d2   0x0000000e   Code   RO        17483    i._ZN8touchgfx17LockFreeDMA_Queue5firstEv  touchgfx_core.lib(dma.o)
    0x080067e0   0x0000001a   Code   RO        17484    i._ZN8touchgfx17LockFreeDMA_Queue6isFullEv  touchgfx_core.lib(dma.o)
    0x080067fa   0x00000010   Code   RO        17485    i._ZN8touchgfx17LockFreeDMA_Queue7isEmptyEv  touchgfx_core.lib(dma.o)
    0x0800680a   0x00000002   PAD
    0x0800680c   0x00000014   Code   RO        17486    i._ZN8touchgfx17LockFreeDMA_QueueC1EPNS_6BlitOpEm  touchgfx_core.lib(dma.o)
    0x08006820   0x00000004   Code   RO         3815    i._ZN8touchgfx18MCUInstrumentation13getCCConsumedEv  stm32f7instrumentation.o
    0x08006824   0x00000004   Code   RO         3821    i._ZN8touchgfx18MCUInstrumentation13setCCConsumedEj  stm32f7instrumentation.o
    0x08006828   0x0000000c   Code   RO        17134    i._ZN8touchgfx20CanvasWidgetRenderer11setupBufferEPhj  touchgfx_core.lib(canvaswidgetrenderer.o)
    0x08006834   0x0000002c   Code   RO        19126    i._ZN8touchgfx21DisplayTransformation29transformDisplayToFrameBufferERNS_4RectE  touchgfx_core.lib(displaytransformation.o)
    0x08006860   0x00000034   Code   RO        19127    i._ZN8touchgfx21DisplayTransformation29transformDisplayToFrameBufferERNS_4RectERKS1_  touchgfx_core.lib(displaytransformation.o)
    0x08006894   0x0000002c   Code   RO        19130    i._ZN8touchgfx21DisplayTransformation29transformDisplayToFrameBufferERsS1_  touchgfx_core.lib(displaytransformation.o)
    0x080068c0   0x00000024   Code   RO        19131    i._ZN8touchgfx21DisplayTransformation29transformDisplayToFrameBufferERsS1_RKNS_4RectE  touchgfx_core.lib(displaytransformation.o)
    0x080068e4   0x00000028   Code   RO        19132    i._ZN8touchgfx21DisplayTransformation29transformFrameBufferToDisplayERsS1_  touchgfx_core.lib(displaytransformation.o)
    0x0800690c   0x0000000c   Code   RO         3774    i._ZN8touchgfx22STM32F7Instrumentation12getCPUCyclesEv  stm32f7instrumentation.o
    0x08006918   0x00000022   Code   RO         3776    i._ZN8touchgfx22STM32F7Instrumentation12setMCUActiveEb  stm32f7instrumentation.o
    0x0800693a   0x00000002   PAD
    0x0800693c   0x00000044   Code   RO         3777    i._ZN8touchgfx22STM32F7Instrumentation4initEv  stm32f7instrumentation.o
    0x08006980   0x00000002   Code   RO         2689    i._ZN8touchgfx22STM32F7InstrumentationD1Ev  boardconfiguration.o
    0x08006982   0x00000026   Code   RO          733    i._ZN8touchgfx23TextAreaWithOneWildcard13getTextHeightEv  frontendapplication.o
    0x080069a8   0x00000018   Code   RO        17934    i._ZN8touchgfx3HAL10beginFrameEv  touchgfx_core.lib(hal.o)
    0x080069c0   0x00000024   Code   RO        17935    i._ZN8touchgfx3HAL10initializeEv  touchgfx_core.lib(hal.o)
    0x080069e4   0x00000008   Code   RO         2292    i._ZN8touchgfx3HAL11getBlitCapsEv  stm32f7hal_dsi.o
    0x080069ec   0x00000034   Code   RO        17937    i._ZN8touchgfx3HAL12setMCUActiveEb  touchgfx_core.lib(hal.o)
    0x08006a20   0x0000007c   Code   RO        17938    i._ZN8touchgfx3HAL13blitCopyGlyphEPKhtttttNS_9colortypeEhNS_14BlitOperationsE  touchgfx_core.lib(hal.o)
    0x08006a9c   0x00000014   Code   RO         2299    i._ZN8touchgfx3HAL15backPorchExitedEv  stm32f7hal_dsi.o
    0x08006ab0   0x00000004   Code   RO        17939    i._ZN8touchgfx3HAL15cacheTextStringEPKt  touchgfx_core.lib(hal.o)
    0x08006ab4   0x0000002c   Code   RO        17940    i._ZN8touchgfx3HAL15lockFrameBufferEv  touchgfx_core.lib(hal.o)
    0x08006ae0   0x00000080   Code   RO        17941    i._ZN8touchgfx3HAL16blitCopyARGB8888EPKtttttth  touchgfx_core.lib(hal.o)
    0x08006b60   0x0000000c   Code   RO        17942    i._ZN8touchgfx3HAL16flushFrameBufferERKNS_4RectE  touchgfx_core.lib(hal.o)
    0x08006b6c   0x00000034   Code   RO        17944    i._ZN8touchgfx3HAL16swapFrameBuffersEv  touchgfx_core.lib(hal.o)
    0x08006ba0   0x0000000e   Code   RO        17945    i._ZN8touchgfx3HAL17allowDMATransfersEv  touchgfx_core.lib(hal.o)
    0x08006bae   0x00000004   Code   RO        17947    i._ZN8touchgfx3HAL17unlockFrameBufferEv  touchgfx_core.lib(hal.o)
    0x08006bb2   0x00000002   PAD
    0x08006bb4   0x00000024   Code   RO        18127    i._ZN8touchgfx3HAL20getClientFrameBufferEv  touchgfx_core.lib(hal.o)
    0x08006bd8   0x00000008   Code   RO        17949    i._ZN8touchgfx3HAL21registerEventListenerERNS_15UIEventListenerE  touchgfx_core.lib(hal.o)
    0x08006be0   0x0000006c   Code   RO        18134    i._ZN8touchgfx3HAL26setFrameBufferStartAddressEPvtbb  touchgfx_core.lib(hal.o)
    0x08006c4c   0x00000050   Code   RO         2312    i._ZN8touchgfx3HAL31performDisplayOrientationChangeEv  stm32f7hal_dsi.o
    0x08006c9c   0x00000178   Code   RO        17951    i._ZN8touchgfx3HAL4tickEv  touchgfx_core.lib(hal.o)
    0x08006e14   0x0000005e   Code   RO        17952    i._ZN8touchgfx3HAL5touchEii  touchgfx_core.lib(hal.o)
    0x08006e72   0x0000002a   Code   RO        17953    i._ZN8touchgfx3HAL7noTouchEv  touchgfx_core.lib(hal.o)
    0x08006e9c   0x00000080   Code   RO        17954    i._ZN8touchgfx3HAL8blitCopyEPKtttttthb  touchgfx_core.lib(hal.o)
    0x08006f1c   0x00000080   Code   RO        17955    i._ZN8touchgfx3HAL8blitFillENS_9colortypeEtttth  touchgfx_core.lib(hal.o)
    0x08006f9c   0x0000001c   Code   RO        17956    i._ZN8touchgfx3HAL8endFrameEv  touchgfx_core.lib(hal.o)
    0x08006fb8   0x00000074   Code   RO        17958    i._ZN8touchgfx3HAL9blockCopyEPvPKvj  touchgfx_core.lib(hal.o)
    0x0800702c   0x0000001c   Code   RO        17959    i._ZN8touchgfx3HAL9taskEntryEv  touchgfx_core.lib(hal.o)
    0x08007048   0x000000ac   Code   RO         2705    i._ZN8touchgfx3HALC2ERNS_13DMA_InterfaceERNS_3LCDERNS_15TouchControllerEtt  boardconfiguration.o
    0x080070f4   0x00000030   Code   RO        18198    i._ZN8touchgfx3LCD10drawStringENS_4RectERKS1_RNS0_13StringVisualsEPKtz  touchgfx_core.lib(lcd.o)
    0x08007124   0x0000007e   Code   RO        18199    i._ZN8touchgfx3LCD10rotateRectERNS_4RectERKS1_NS_12TextRotationE  touchgfx_core.lib(lcd.o)
    0x080071a2   0x00000062   Code   RO        18200    i._ZN8touchgfx3LCD11stringWidthERNS_12TextProviderERKNS_4FontEih  touchgfx_core.lib(lcd.o)
    0x08007204   0x00000188   Code   RO        18201    i._ZN8touchgfx3LCD13drawStringLTRERKNS_4RectES3_RKNS0_13StringVisualsEPKtSt9__va_list  touchgfx_core.lib(lcd.o)
    0x0800738c   0x000001da   Code   RO        18206    i._ZN8touchgfx3LCD18drawStringInternalEPtPKNS_4RectEsRsRS3_PKNS0_13StringVisualsEhRNS_12TextProviderEi  touchgfx_core.lib(lcd.o)
    0x08007566   0x00000036   Code   RO        18210    i._ZN8touchgfx3LCD5realXERKNS_4RectEssNS_12TextRotationE  touchgfx_core.lib(lcd.o)
    0x0800759c   0x00000036   Code   RO        18211    i._ZN8touchgfx3LCD5realYERKNS_4RectEssNS_12TextRotationE  touchgfx_core.lib(lcd.o)
    0x080075d2   0x00000002   PAD
    0x080075d4   0x00000014   Code   RO         3302    i._ZN8touchgfx4GPIO3setENS0_7GPIO_IDE  gpio.o
    0x080075e8   0x0000001e   Code   RO         3303    i._ZN8touchgfx4GPIO4initEv  gpio.o
    0x08007606   0x00000002   PAD
    0x08007608   0x00000014   Code   RO         3304    i._ZN8touchgfx4GPIO5clearENS0_7GPIO_IDE  gpio.o
    0x0800761c   0x00000014   Code   RO         3305    i._ZN8touchgfx4GPIO6toggleENS0_7GPIO_IDE  gpio.o
    0x08007630   0x00000096   Code   RO        16542    i._ZN8touchgfx4Rect11expandToFitERKS0_  touchgfx_core.lib(application.o)
    0x080076c6   0x0000000e   Code   RO          475    i._ZN8touchgfx4RectC1Essss  frontendapplication.o
    0x080076d4   0x0000000c   Code   RO        16557    i._ZN8touchgfx4RectC1Ev  touchgfx_core.lib(application.o)
    0x080076e0   0x00000080   Code   RO        16591    i._ZN8touchgfx4RectaNERKS0_  touchgfx_core.lib(application.o)
    0x08007760   0x00000030   Code   RO        16581    i._ZN8touchgfx4wmAtEii  touchgfx_core.lib(application.o)
    0x08007790   0x0000007c   Code   RO        17237    i._ZN8touchgfx5Color20getColorFrom24BitRGBEhhh  touchgfx_core.lib(color.o)
    0x0800780c   0x00000040   Code   RO         1637    i._ZN8touchgfx5Texts11setLanguageEt  texts.o
    0x0800784c   0x00000070   Code   RO        16740    i._ZN8touchgfx6Bitmap10clearCacheEv  touchgfx_core.lib(bitmap.o)
    0x080078bc   0x00000028   Code   RO        16750    i._ZN8touchgfx6Bitmap22registerBitmapDatabaseEPKNS0_10BitmapDataEtPtjj  touchgfx_core.lib(bitmap.o)
    0x080078e4   0x0000003c   Code   RO        16755    i._ZN8touchgfx6Bitmap8setCacheEPtjj  touchgfx_core.lib(bitmap.o)
    0x08007920   0x00000006   Code   RO         1848    i._ZN8touchgfx6BlitOpC1Ev  stm32f7dma.o
    0x08007926   0x00000022   Code   RO        17010    i._ZN8touchgfx6Button10setBitmapsERKNS_6BitmapES3_  touchgfx_core.lib(button.o)
    0x08007948   0x0000002c   Code   RO          462    i._ZN8touchgfx6ButtonC1Ev  frontendapplication.o
    0x08007974   0x00000002   Code   RO        18494    i._ZN8touchgfx6Screen11setupScreenEv  touchgfx_core.lib(screen.o)
    0x08007976   0x0000000e   Code   RO        18381    i._ZN8touchgfx6Screen14bindTransitionERNS_10TransitionE  touchgfx_core.lib(screen.o)
    0x08007984   0x00000002   Code   RO         1409    i._ZN8touchgfx6Screen14handleKeyEventEh  templateview.o
    0x08007986   0x00000002   Code   RO        18500    i._ZN8touchgfx6Screen14tearDownScreenEv  touchgfx_core.lib(screen.o)
    0x08007988   0x00000002   Code   RO         1397    i._ZN8touchgfx6Screen15afterTransitionEv  templateview.o
    0x0800798a   0x00000002   PAD
    0x0800798c   0x000000bc   Code   RO        18383    i._ZN8touchgfx6Screen15handleDragEventERKNS_9DragEventE  touchgfx_core.lib(screen.o)
    0x08007a48   0x00000002   Code   RO         1403    i._ZN8touchgfx6Screen15handleTickEventEv  templateview.o
    0x08007a4a   0x00000002   PAD
    0x08007a4c   0x000001b4   Code   RO        18384    i._ZN8touchgfx6Screen16handleClickEventERKNS_10ClickEventE  touchgfx_core.lib(screen.o)
    0x08007c00   0x00000058   Code   RO        18385    i._ZN8touchgfx6Screen18handleGestureEventERKNS_12GestureEventE  touchgfx_core.lib(screen.o)
    0x08007c58   0x00000006   Code   RO         1391    i._ZN8touchgfx6Screen3addERNS_8DrawableE  templateview.o
    0x08007c5e   0x00000028   Code   RO        18386    i._ZN8touchgfx6Screen4drawERNS_4RectE  touchgfx_core.lib(screen.o)
    0x08007c86   0x0000021c   Code   RO        18388    i._ZN8touchgfx6Screen5JSMOCERKNS_4RectEPNS_8DrawableE  touchgfx_core.lib(screen.o)
    0x08007ea2   0x00000022   Code   RO        18389    i._ZN8touchgfx6Screen9startSMOCERNS_4RectE  touchgfx_core.lib(screen.o)
    0x08007ec4   0x00000090   Code   RO        18390    i._ZN8touchgfx6ScreenC1Ev  touchgfx_core.lib(screen.o)
    0x08007f54   0x0000000c   Code   RO        18461    i._ZN8touchgfx6ScreenD1Ev  touchgfx_core.lib(screen.o)
    0x08007f60   0x00000014   Code   RO          701    i._ZN8touchgfx6Widget12getLastChildEssPPNS_8DrawableE  frontendapplication.o
    0x08007f74   0x0000003c   Code   RO          456    i._ZN8touchgfx6WidgetC2Ev  frontendapplication.o
    0x08007fb0   0x0000000c   Code   RO        19413    i._ZN8touchgfx6memsetEPvhj  touchgfx_core.lib(utils.o)
    0x08007fbc   0x00000158   Code   RO        18913    i._ZN8touchgfx7Unicode13composeStringERPKttS2_bbibibRitPt  touchgfx_core.lib(unicode.o)
    0x08008114   0x00000248   Code   RO        18914    i._ZN8touchgfx7Unicode14formatToStringEPttPKtSt9__va_list  touchgfx_core.lib(unicode.o)
    0x0800835c   0x000000f2   Code   RO        18918    i._ZN8touchgfx7Unicode22parseFlagsAndPrecisionERPKtRtRbS5_S5_S5_RiS5_S6_  touchgfx_core.lib(unicode.o)
    0x0800844e   0x00000020   Code   RO        18920    i._ZN8touchgfx7Unicode4atoiEPKt  touchgfx_core.lib(unicode.o)
    0x0800846e   0x00000060   Code   RO        18921    i._ZN8touchgfx7Unicode4itoaEiPtti  touchgfx_core.lib(unicode.o)
    0x080084ce   0x00000048   Code   RO        18922    i._ZN8touchgfx7Unicode4utoaEjPtti  touchgfx_core.lib(unicode.o)
    0x08008516   0x00000018   Code   RO        18924    i._ZN8touchgfx7Unicode6strlenEPKt  touchgfx_core.lib(unicode.o)
    0x0800852e   0x00000024   Code   RO        18926    i._ZN8touchgfx7Unicode7strncpyEPtPKct  touchgfx_core.lib(unicode.o)
    0x08008552   0x0000002a   Code   RO        18928    i._ZN8touchgfx7Unicode8snprintfEPttPKcz  touchgfx_core.lib(unicode.o)
    0x0800857c   0x00000224   Code   RO         2584    i._ZN8touchgfx7hw_initEv  boardconfiguration.o
    0x080087a0   0x00000026   Code   RO        18479    i._ZN8touchgfx8Drawable13getCachedAbsXEv  touchgfx_core.lib(screen.o)
    0x080087c6   0x00000026   Code   RO        18485    i._ZN8touchgfx8Drawable13getCachedAbsYEv  touchgfx_core.lib(screen.o)
    0x080087ec   0x00000012   Code   RO          646    i._ZN8touchgfx8Drawable14setupDrawChainERKNS_4RectEPPS0_  frontendapplication.o
    0x080087fe   0x00000002   Code   RO          627    i._ZN8touchgfx8Drawable15handleDragEventERKNS_9DragEventE  frontendapplication.o
    0x08008800   0x00000002   Code   RO          633    i._ZN8touchgfx8Drawable15handleTickEventEv  frontendapplication.o
    0x08008802   0x00000002   Code   RO          615    i._ZN8touchgfx8Drawable16handleClickEventERKNS_10ClickEventE  frontendapplication.o
    0x08008804   0x00000002   Code   RO          621    i._ZN8touchgfx8Drawable18handleGestureEventERKNS_12GestureEventE  frontendapplication.o
    0x08008806   0x00000038   Code   RO        18454    i._ZN8touchgfx8Drawable20getCachedVisibleRectEv  touchgfx_core.lib(screen.o)
    0x0800883e   0x00000004   Code   RO          578    i._ZN8touchgfx8Drawable4setXEs  frontendapplication.o
    0x08008842   0x00000004   Code   RO          584    i._ZN8touchgfx8Drawable4setYEs  frontendapplication.o
    0x08008846   0x0000001c   Code   RO          590    i._ZN8touchgfx8Drawable5setXYEss  frontendapplication.o
    0x08008862   0x00000004   Code   RO          597    i._ZN8touchgfx8Drawable8setWidthEs  frontendapplication.o
    0x08008866   0x00000004   Code   RO          603    i._ZN8touchgfx8Drawable9setHeightEs  frontendapplication.o
    0x0800886a   0x00000002   PAD
    0x0800886c   0x00000080   Code   RO        19191    i._ZN8touchgfx8Gestures17registerDragEventEtttt  touchgfx_core.lib(gestures.o)
    0x080088ec   0x00000094   Code   RO        19192    i._ZN8touchgfx8Gestures18registerClickEventENS_10ClickEvent14ClickEventTypeEtt  touchgfx_core.lib(gestures.o)
    0x08008980   0x00000004   Code   RO        19193    i._ZN8touchgfx8Gestures21registerEventListenerERNS_15UIEventListenerE  touchgfx_core.lib(gestures.o)
    0x08008984   0x0000001c   Code   RO        19194    i._ZN8touchgfx8Gestures4tickEv  touchgfx_core.lib(gestures.o)
    0x080089a0   0x00000178   Code   RO        16134    i._ZN8touchgfx8LCD16bpp16blitCopyARGB8888EPKjRKNS_4RectES5_h  touchgfx_core.lib(lcd16bpp.o)
    0x08008b18   0x0000019c   Code   RO        16135    i._ZN8touchgfx8LCD16bpp17drawPartialBitmapERKNS_6BitmapEssRKNS_4RectEhb  touchgfx_core.lib(lcd16bpp.o)
    0x08008cb4   0x000001d0   Code   RO        16136    i._ZN8touchgfx8LCD16bpp21blitCopyAlphaPerPixelEPKtPKhRKNS_4RectES7_h  touchgfx_core.lib(lcd16bpp.o)
    0x08008e84   0x00000260   Code   RO        16141    i._ZN8touchgfx8LCD16bpp8blitCopyEPKtRKNS_4RectES5_hb  touchgfx_core.lib(lcd16bpp.o)
    0x080090e4   0x00000144   Code   RO        16142    i._ZN8touchgfx8LCD16bpp8fillRectERKNS_4RectENS_9colortypeEh  touchgfx_core.lib(lcd16bpp.o)
    0x08009228   0x00000044   Code   RO        16143    i._ZN8touchgfx8LCD16bpp8nextLineEbNS_12TextRotationE  touchgfx_core.lib(lcd16bpp.o)
    0x0800926c   0x00000304   Code   RO        16144    i._ZN8touchgfx8LCD16bpp9drawGlyphEPtNS_4RectEssttRKS2_PKNS_9GlyphNodeEPKhNS_9colortypeEhhNS_12TextRotationE  touchgfx_core.lib(lcd16bpp.o)
    0x08009570   0x00000040   Code   RO        16145    i._ZN8touchgfx8LCD16bpp9nextPixelEbNS_12TextRotationE  touchgfx_core.lib(lcd16bpp.o)
    0x080095b0   0x00000002   Code   RO         2683    i._ZN8touchgfx8LCD16bppD1Ev  boardconfiguration.o
    0x080095b2   0x0000001e   Code   RO        18718    i._ZN8touchgfx8TextArea12setTypedTextENS_9TypedTextE  touchgfx_core.lib(textarea.o)
    0x080095d0   0x00000038   Code   RO        18720    i._ZN8touchgfx8TextArea19resizeToCurrentTextEv  touchgfx_core.lib(textarea.o)
    0x08009608   0x00000404   Code   RO        16416    i._ZN8touchgfx8enableFlERNS_4RectE  touchgfx_core.lib(application.o)
    0x08009a0c   0x00000020   Code   RO        16417    i._ZN8touchgfx8nextRandEv  touchgfx_core.lib(application.o)
    0x08009a2c   0x00000064   Code   RO        17284    i._ZN8touchgfx9Container12getLastChildEssPPNS_8DrawableE  touchgfx_core.lib(container.o)
    0x08009a90   0x00000058   Code   RO        17285    i._ZN8touchgfx9Container14setupDrawChainERKNS_4RectEPPNS_8DrawableE  touchgfx_core.lib(container.o)
    0x08009ae8   0x0000002c   Code   RO        17287    i._ZN8touchgfx9Container3addERNS_8DrawableE  touchgfx_core.lib(container.o)
    0x08009b14   0x0000000c   Code   RO         2182    i._ZNK14STM32F7HAL_DSI17getTFTFrameBufferEv  stm32f7hal_dsi.o
    0x08009b20   0x00000040   Code   RO          745    i._ZNK8touchgfx23TextAreaWithOneWildcard12getTextWidthEv  frontendapplication.o
    0x08009b60   0x000000b0   Code   RO          739    i._ZNK8touchgfx23TextAreaWithOneWildcard4drawERKNS_4RectE  frontendapplication.o
    0x08009c10   0x00000080   Code   RO        18862    i._ZNK8touchgfx24TextAreaWithWildcardBase19calculateTextHeightEPKtz  touchgfx_core.lib(textareawithwildcard.o)
    0x08009c90   0x00000038   Code   RO        16911    i._ZNK8touchgfx3Box12getSolidRectEv  touchgfx_core.lib(box.o)
    0x08009cc8   0x00000030   Code   RO        16912    i._ZNK8touchgfx3Box4drawERKNS_4RectE  touchgfx_core.lib(box.o)
    0x08009cf8   0x00000034   Code   RO        17960    i._ZNK8touchgfx3HAL13getDstAddressEttPt  touchgfx_core.lib(hal.o)
    0x08009d2c   0x0000000a   Code   RO        16236    i._ZNK8touchgfx4Rect5rightEv  touchgfx_core.lib(lcd16bpp.o)
    0x08009d36   0x0000000a   Code   RO        16242    i._ZNK8touchgfx4Rect6bottomEv  touchgfx_core.lib(lcd16bpp.o)
    0x08009d40   0x00000010   Code   RO        16254    i._ZNK8touchgfx4Rect7isEmptyEv  touchgfx_core.lib(lcd16bpp.o)
    0x08009d50   0x0000004a   Code   RO        16536    i._ZNK8touchgfx4Rect8includesERKS0_  touchgfx_core.lib(application.o)
    0x08009d9a   0x00000046   Code   RO        16530    i._ZNK8touchgfx4Rect9intersectERKS0_  touchgfx_core.lib(application.o)
    0x08009de0   0x00000034   Code   RO        18467    i._ZNK8touchgfx4Rect9intersectEss  touchgfx_core.lib(screen.o)
    0x08009e14   0x0000001e   Code   RO        16563    i._ZNK8touchgfx4RectanERKS0_  touchgfx_core.lib(application.o)
    0x08009e32   0x00000002   PAD
    0x08009e34   0x0000004c   Code   RO        16756    i._ZNK8touchgfx6Bitmap12getAlphaDataEv  touchgfx_core.lib(bitmap.o)
    0x08009e80   0x0000005c   Code   RO        16757    i._ZNK8touchgfx6Bitmap12getSolidRectEv  touchgfx_core.lib(bitmap.o)
    0x08009edc   0x0000005c   Code   RO        16758    i._ZNK8touchgfx6Bitmap20hasTransparentPixelsEv  touchgfx_core.lib(bitmap.o)
    0x08009f38   0x00000034   Code   RO        16759    i._ZNK8touchgfx6Bitmap7getDataEv  touchgfx_core.lib(bitmap.o)
    0x08009f6c   0x0000003c   Code   RO        16760    i._ZNK8touchgfx6Bitmap8getWidthEv  touchgfx_core.lib(bitmap.o)
    0x08009fa8   0x00000038   Code   RO        16761    i._ZNK8touchgfx6Bitmap9getFormatEv  touchgfx_core.lib(bitmap.o)
    0x08009fe0   0x0000003c   Code   RO        16762    i._ZNK8touchgfx6Bitmap9getHeightEv  touchgfx_core.lib(bitmap.o)
    0x0800a01c   0x00000040   Code   RO        17011    i._ZNK8touchgfx6Button12getSolidRectEv  touchgfx_core.lib(button.o)
    0x0800a05c   0x000000bc   Code   RO        17012    i._ZNK8touchgfx6Button4drawERKNS_4RectE  touchgfx_core.lib(button.o)
    0x0800a118   0x0000001e   Code   RO        17641    i._ZNK8touchgfx8Drawable10invalidateEv  touchgfx_core.lib(drawable.o)
    0x0800a136   0x0000003e   Code   RO        17642    i._ZNK8touchgfx8Drawable14getVisibleRectERNS_4RectE  touchgfx_core.lib(drawable.o)
    0x0800a174   0x00000052   Code   RO        17643    i._ZNK8touchgfx8Drawable14invalidateRectERNS_4RectE  touchgfx_core.lib(drawable.o)
    0x0800a1c6   0x00000030   Code   RO        17644    i._ZNK8touchgfx8Drawable15getAbsoluteRectEv  touchgfx_core.lib(drawable.o)
    0x0800a1f6   0x0000001e   Code   RO        17645    i._ZNK8touchgfx8Drawable23translateRectToAbsoluteERNS_4RectE  touchgfx_core.lib(drawable.o)
    0x0800a214   0x00000004   Code   RO        16263    i._ZNK8touchgfx8LCD16bpp8bitDepthEv  touchgfx_core.lib(lcd16bpp.o)
    0x0800a218   0x0000000e   Code   RO          713    i._ZNK8touchgfx8TextArea12getSolidRectEv  frontendapplication.o
    0x0800a226   0x0000000e   Code   RO        17293    i._ZNK8touchgfx9Container12getSolidRectEv  touchgfx_core.lib(container.o)
    0x0800a234   0x0000005e   Code   RO        17295    i._ZNK8touchgfx9Container4drawERKNS_4RectE  touchgfx_core.lib(container.o)
    0x0800a292   0x00000012   Code   RO          782    i._ZNK8touchgfx9TypedText10hasValidIdEv  frontendapplication.o
    0x0800a2a4   0x00000020   Code   RO          788    i._ZNK8touchgfx9TypedText11assertValidEv  frontendapplication.o
    0x0800a2c4   0x00000020   Code   RO          806    i._ZNK8touchgfx9TypedText16getTextDirectionEv  frontendapplication.o
    0x0800a2e4   0x00000024   Code   RO          800    i._ZNK8touchgfx9TypedText7getFontEv  frontendapplication.o
    0x0800a308   0x00000018   Code   RO          794    i._ZNK8touchgfx9TypedText7getTextEv  frontendapplication.o
    0x0800a320   0x00000024   Code   RO        19587    i.__aeabi_vec_ctor_nocookie_nodtor  cpprt_w.l(aeabi_vec_ctor_nocookie_nodtor.o)
    0x0800a344   0x00000010   Code   RO        19475    i.__cxa_guard_acquire  cpprt_w.l(cxa_guard_acquire.o)
    0x0800a354   0x00000006   Code   RO        19472    i.__cxa_pure_virtual  cpprt_w.l(pure_virt.o)
    0x0800a35a   0x00000002   PAD
    0x0800a35c   0x00000014   Code   RO        16418    i.__sti___15_Application_cpp_63cd8d44  touchgfx_core.lib(application.o)
    0x0800a370   0x00000018   Code   RO         1721    i.__sti___21_TypedTextDatabase_cpp_42ef4e5b  typedtextdatabase.o
    0x0800a388   0x0000008c   Code   RO         2585    i.__sti___22_BoardConfiguration_cpp_dceb80ee  boardconfiguration.o
    0x0800a414   0x00000018   Code   RO         1638    i.__sti___9_Texts_cpp_454ca793  texts.o
    0x0800a42c   0x0000001c   Code   RO        13526    i.ft6x06_GetInstance  ft6x06.o
    0x0800a448   0x00000028   Code   RO        13527    i.ft6x06_Init       ft6x06.o
    0x0800a470   0x00000014   Code   RO        13528    i.ft6x06_ReadID     ft6x06.o
    0x0800a484   0x00000002   Code   RO        13529    i.ft6x06_Reset      ft6x06.o
    0x0800a486   0x00000002   Code   RO        13530    i.ft6x06_TS_ClearIT  ft6x06.o
    0x0800a488   0x00000040   Code   RO        13531    i.ft6x06_TS_DetectTouch  ft6x06.o
    0x0800a4c8   0x0000000a   Code   RO        13532    i.ft6x06_TS_DisableIT  ft6x06.o
    0x0800a4d2   0x0000000a   Code   RO        13533    i.ft6x06_TS_EnableIT  ft6x06.o
    0x0800a4dc   0x0000005c   Code   RO        13534    i.ft6x06_TS_GetXY   ft6x06.o
    0x0800a538   0x00000004   Code   RO        13535    i.ft6x06_TS_ITStatus  ft6x06.o
    0x0800a53c   0x00000004   Code   RO        13536    i.ft6x06_TS_Start   ft6x06.o
    0x0800a540   0x00000044   Code   RO            2    i.main              main.o
    0x0800a584   0x00000034   Code   RO        15562    i.prvAddCurrentTaskToDelayedList  tasks.o
    0x0800a5b8   0x00000054   Code   RO        15563    i.prvCheckTasksWaitingTermination  tasks.o
    0x0800a60c   0x00000026   Code   RO        15394    i.prvCopyDataFromQueue  queue.o
    0x0800a632   0x0000006e   Code   RO        15395    i.prvCopyDataToQueue  queue.o
    0x0800a6a0   0x0000002c   Code   RO        15564    i.prvIdleTask       tasks.o
    0x0800a6cc   0x00000020   Code   RO        15566    i.prvResetNextTaskUnblockTime  tasks.o
    0x0800a6ec   0x00000030   Code   RO        15964    i.prvTaskExitError  port.o
    0x0800a71c   0x00000064   Code   RO        15396    i.prvUnlockQueue    queue.o
    0x0800a780   0x000000c0   Code   RO        16027    i.pvPortMalloc      heap_2.o
    0x0800a840   0x00000018   Code   RO        15568    i.pvTaskIncrementMutexHeldCount  tasks.o
    0x0800a858   0x00000028   Code   RO        15965    i.pxPortInitialiseStack  port.o
    0x0800a880   0x00000024   Code   RO        15352    i.uxListRemove      list.o
    0x0800a8a4   0x0000000c   Code   RO        15873    i.vApplicationIdleHook  oswrappers.o
    0x0800a8b0   0x00000002   Code   RO        15874    i.vApplicationMallocFailedHook  oswrappers.o
    0x0800a8b2   0x00000002   Code   RO        15875    i.vApplicationStackOverflowHook  oswrappers.o
    0x0800a8b4   0x00000016   Code   RO        15353    i.vListInitialise   list.o
    0x0800a8ca   0x00000006   Code   RO        15354    i.vListInitialiseItem  list.o
    0x0800a8d0   0x00000030   Code   RO        15355    i.vListInsert       list.o
    0x0800a900   0x00000018   Code   RO        15356    i.vListInsertEnd    list.o
    0x0800a918   0x00000048   Code   RO        15967    i.vPortEnterCritical  port.o
    0x0800a960   0x0000002c   Code   RO        15968    i.vPortExitCritical  port.o
    0x0800a98c   0x0000003c   Code   RO        16028    i.vPortFree         heap_2.o
    0x0800a9c8   0x00000020   Code   RO        15969    i.vPortSetupTimerInterrupt  port.o
    0x0800a9e8   0x0000005c   Code   RO        15970    i.vPortValidateInterruptPriority  port.o
    0x0800aa44   0x0000000c   Code   RO        15580    i.vTaskMissedYield  tasks.o
    0x0800aa50   0x00000068   Code   RO        15582    i.vTaskPlaceOnEventList  tasks.o
    0x0800aab8   0x00000088   Code   RO        15584    i.vTaskPriorityInherit  tasks.o
    0x0800ab40   0x00000020   Code   RO        15587    i.vTaskSetApplicationTaskTag  tasks.o
    0x0800ab60   0x00000028   Code   RO        15589    i.vTaskSetTimeOutState  tasks.o
    0x0800ab88   0x00000068   Code   RO        15590    i.vTaskStartScheduler  tasks.o
    0x0800abf0   0x00000010   Code   RO        15592    i.vTaskSuspendAll   tasks.o
    0x0800ac00   0x000000a8   Code   RO        15593    i.vTaskSwitchContext  tasks.o
    0x0800aca8   0x000000ac   Code   RO        15971    i.xPortStartScheduler  port.o
    0x0800ad54   0x0000006c   Code   RO        15408    i.xQueueGenericCreate  queue.o
    0x0800adc0   0x0000015c   Code   RO        15409    i.xQueueGenericReceive  queue.o
    0x0800af1c   0x00000098   Code   RO        15410    i.xQueueGenericReset  queue.o
    0x0800afb4   0x00000150   Code   RO        15411    i.xQueueGenericSend  queue.o
    0x0800b104   0x000000c2   Code   RO        15412    i.xQueueGenericSendFromISR  queue.o
    0x0800b1c6   0x00000092   Code   RO        15413    i.xQueueGiveFromISR  queue.o
    0x0800b258   0x00000018   Code   RO        15594    i.xTaskCallApplicationTaskHook  tasks.o
    0x0800b270   0x00000074   Code   RO        15595    i.xTaskCheckForTimeOut  tasks.o
    0x0800b2e4   0x000001c8   Code   RO        15596    i.xTaskGenericCreate  tasks.o
    0x0800b4ac   0x000000d0   Code   RO        15601    i.xTaskIncrementTick  tasks.o
    0x0800b57c   0x0000008c   Code   RO        15605    i.xTaskPriorityDisinherit  tasks.o
    0x0800b608   0x0000007c   Code   RO        15606    i.xTaskRemoveFromEventList  tasks.o
    0x0800b684   0x000000c8   Code   RO        15608    i.xTaskResumeAll    tasks.o
    0x0800b74c   0x0000011c   Code   RO          468    t._ZN8touchgfx14makeTransitionI12TemplateView17TemplatePresenterNS_12NoTransitionE5ModelEEPT0_PPNS_6ScreenEPPNS_9PresenterERNS_7MVPHeapEPPNS_10TransitionEPT2_  frontendapplication.o
    0x0800b868   0x000000b4   Code   RO         2692    t._ZN8touchgfx21touchgfx_generic_initI14STM32F7HAL_DSIEERNS_3HALERNS_13DMA_InterfaceERNS_3LCDERNS_15TouchControllerEssPtjj  boardconfiguration.o
    0x0800b91c   0x0000000a   Code   RO        19226    t._ZN8touchgfx3absIsEET_S1_  touchgfx_core.lib(gestures.o)
    0x0800b926   0x00000048   Code   RO        16548    t._ZN8touchgfx6VectorINS_4RectELt8EE13quickRemoveAtEt  touchgfx_core.lib(application.o)
    0x0800b96e   0x0000001e   Code   RO        16575    t._ZN8touchgfx6VectorINS_4RectELt8EE3addES1_  touchgfx_core.lib(application.o)
    0x0800b98c   0x00000018   Code   RO        16569    t._ZN8touchgfx6VectorINS_4RectELt8EEC1Ev  touchgfx_core.lib(application.o)
    0x0800b9a4   0x00000018   Code   RO          764    t._ZN8touchgfx8CallbackI12TemplateViewRKNS_14AbstractButtonEvE7executeES4_  frontendapplication.o
    0x0800b9bc   0x00000018   Code   RO          662    t._ZN8touchgfx8CallbackI19FrontendApplicationvvE7executeEv  frontendapplication.o
    0x0800b9d4   0x00000006   Code   RO         2790    t._ZN8touchgfx9PartitionINS_4meta8TypeListI12TemplateViewNS1_3NilEEELt1EE12element_sizeEv  boardconfiguration.o
    0x0800b9da   0x00000010   Code   RO         2796    t._ZN8touchgfx9PartitionINS_4meta8TypeListI12TemplateViewNS1_3NilEEELt1EE7elementEt  boardconfiguration.o
    0x0800b9ea   0x00000004   Code   RO         2763    t._ZN8touchgfx9PartitionINS_4meta8TypeListI17TemplatePresenterNS1_3NilEEELt1EE12element_sizeEv  boardconfiguration.o
    0x0800b9ee   0x00000008   Code   RO         2769    t._ZN8touchgfx9PartitionINS_4meta8TypeListI17TemplatePresenterNS1_3NilEEELt1EE7elementEt  boardconfiguration.o
    0x0800b9f6   0x00000004   Code   RO         2817    t._ZN8touchgfx9PartitionINS_4meta8TypeListINS_12NoTransitionENS1_3NilEEELt1EE12element_sizeEv  boardconfiguration.o
    0x0800b9fa   0x0000000c   Code   RO         2823    t._ZN8touchgfx9PartitionINS_4meta8TypeListINS_12NoTransitionENS1_3NilEEELt1EE7elementEt  boardconfiguration.o
    0x0800ba06   0x00000018   Code   RO          770    t._ZNK8touchgfx8CallbackI12TemplateViewRKNS_14AbstractButtonEvE7isValidEv  frontendapplication.o
    0x0800ba1e   0x00000018   Code   RO          668    t._ZNK8touchgfx8CallbackI19FrontendApplicationvvE7isValidEv  frontendapplication.o
    0x0800ba36   0x0000000a   Code   RO        19826    x$fpl$fpinit        fz_wm.l(fpinit.o)
    0x0800ba40   0x00000010   Data   RO          168    .constdata          system_stm32f7xx.o
    0x0800ba50   0x00000018   Data   RO          440    .constdata          frontendapplication.o
    0x0800ba68   0x00000424   Data   RO         1607    .constdata          bitmapdatabase.o
    0x0800be8c   0x00000008   Data   RO         5222    .constdata          stm32f7xx_hal_dma.o
    0x0800be94   0x00000191   Data   RO        13609    .constdata          otm8009a.o
    0x0800c025   0x00000014   Data   RO        15611    .constdata          tasks.o
    0x0800c039   0x000004ac   Data   RO        16448    .constdata          touchgfx_core.lib(application.o)
    0x0800c4e5   0x00000003   PAD
    0x0800c4e8   0x00000050   Data   RO        18408    .constdata          touchgfx_core.lib(screen.o)
    0x0800c538   0x0000004c   Data   RO         1847    .constdata__ZTV10STM32F7DMA  stm32f7dma.o
    0x0800c584   0x00000010   Data   RO         2718    .constdata__ZTV12FrontendHeap  boardconfiguration.o
    0x0800c594   0x00000034   Data   RO         1381    .constdata__ZTV12TemplateView  templateview.o
    0x0800c5c8   0x00000098   Data   RO         2279    .constdata__ZTV14STM32F7HAL_DSI  stm32f7hal_dsi.o
    0x0800c660   0x00000028   Data   RO         1189    .constdata__ZTV17TemplatePresenter  templatepresenter.o
    0x0800c688   0x0000003c   Data   RO          492    .constdata__ZTV19FrontendApplication  frontendapplication.o
    0x0800c6c4   0x00000018   Data   RO         3563    .constdata__ZTV22OTM8009TouchController  otm8009touchcontroller.o
    0x0800c6dc   0x00000014   Data   RO         1559    .constdata__ZTV23ApplicationFontProvider  applicationfontprovider.o
    0x0800c6f0   0x00000014   Data   RO        18507    .constdata__ZTVN8touchgfx10ClickEventE  touchgfx_core.lib(screen.o)
    0x0800c704   0x0000003c   Data   RO        16529    .constdata__ZTVN8touchgfx11ApplicationE  touchgfx_core.lib(application.o)
    0x0800c740   0x00000014   Data   RO        18511    .constdata__ZTVN8touchgfx12GestureEventE  touchgfx_core.lib(screen.o)
    0x0800c754   0x00000020   Data   RO          494    .constdata__ZTVN8touchgfx12NoTransitionE  frontendapplication.o
    0x0800c774   0x0000003c   Data   RO          488    .constdata__ZTVN8touchgfx14MVPApplicationE  frontendapplication.o
    0x0800c7b0   0x00000034   Data   RO        16112    .constdata__ZTVN8touchgfx17AbstractPartitionE  touchgfx_core.lib(abstractpartition.o)
    0x0800c7e4   0x00000024   Data   RO        17586    .constdata__ZTVN8touchgfx17LockFreeDMA_QueueE  touchgfx_core.lib(dma.o)
    0x0800c808   0x00000028   Data   RO         3814    .constdata__ZTVN8touchgfx22STM32F7InstrumentationE  stm32f7instrumentation.o
    0x0800c830   0x0000007c   Data   RO          498    .constdata__ZTVN8touchgfx23TextAreaWithOneWildcardE  frontendapplication.o
    0x0800c8ac   0x0000006c   Data   RO        16928    .constdata__ZTVN8touchgfx3BoxE  touchgfx_core.lib(box.o)
    0x0800c918   0x00000098   Data   RO        18117    .constdata__ZTVN8touchgfx3HALE  touchgfx_core.lib(hal.o)
    0x0800c9b0   0x00000074   Data   RO        17033    .constdata__ZTVN8touchgfx6ButtonE  touchgfx_core.lib(button.o)
    0x0800ca24   0x00000034   Data   RO        18453    .constdata__ZTVN8touchgfx6ScreenE  touchgfx_core.lib(screen.o)
    0x0800ca58   0x0000006c   Data   RO          496    .constdata__ZTVN8touchgfx6WidgetE  frontendapplication.o
    0x0800cac4   0x00000018   Data   RO          500    .constdata__ZTVN8touchgfx8CallbackI12TemplateViewRKNS_14AbstractButtonEvEE  frontendapplication.o
    0x0800cadc   0x00000018   Data   RO          490    .constdata__ZTVN8touchgfx8CallbackI19FrontendApplicationvvEE  frontendapplication.o
    0x0800caf4   0x0000006c   Data   RO        17692    .constdata__ZTVN8touchgfx8DrawableE  touchgfx_core.lib(drawable.o)
    0x0800cb60   0x00000034   Data   RO        16223    .constdata__ZTVN8touchgfx8LCD16bppE  touchgfx_core.lib(lcd16bpp.o)
    0x0800cb94   0x00000090   Data   RO        17371    .constdata__ZTVN8touchgfx9ContainerE  touchgfx_core.lib(container.o)
    0x0800cc24   0x00000014   Data   RO        18509    .constdata__ZTVN8touchgfx9DragEventE  touchgfx_core.lib(screen.o)
    0x0800cc38   0x00000034   Data   RO         2714    .constdata__ZTVN8touchgfx9PartitionINS_4meta8TypeListI12TemplateViewNS1_3NilEEELt1EEE  boardconfiguration.o
    0x0800cc6c   0x00000034   Data   RO         2712    .constdata__ZTVN8touchgfx9PartitionINS_4meta8TypeListI17TemplatePresenterNS1_3NilEEELt1EEE  boardconfiguration.o
    0x0800cca0   0x00000034   Data   RO         2716    .constdata__ZTVN8touchgfx9PartitionINS_4meta8TypeListINS_12NoTransitionENS1_3NilEEELt1EEE  boardconfiguration.o
    0x0800ccd4   0x00000000   Data   RO        19916    Region$$Table       anon$$obj.o
    0x0800ccd4   0x00000004   Data   RO         1728    TextFlashSection    typedtextdatabase.o
    0x0800ccd8   0x00000004   Data   RO         1729    TextFlashSection    typedtextdatabase.o
    0x0800ccdc   0x00000004   Data   RO         1646    .init_array         texts.o
    0x0800cce0   0x00000004   Data   RO         1727    .init_array         typedtextdatabase.o
    0x0800cce4   0x00000004   Data   RO         2602    .init_array         boardconfiguration.o
    0x0800cce8   0x00000004   Data   RO        16450    .init_array         touchgfx_core.lib(application.o)
    0x0800ccec   0x00000000   Data   RO        19464    .init_array         c_w.l(init_aeabi.o)


    Execution Region RW_IRAM1 (Base: 0x20000000, Size: 0x00004108, Max: 0x0007c000, ABSOLUTE)

    Base Addr    Size         Type   Attr      Idx    E Section Name        Object

    0x20000000   0x00000004   Data   RW          170    .data               system_stm32f7xx.o
    0x20000004   0x00000008   Data   RW         1641    .data               texts.o
    0x2000000c   0x00000008   Data   RW         1642    .data               texts.o
    0x20000014   0x00000008   Data   RW         1643    .data               texts.o
    0x2000001c   0x00000008   Data   RW         1645    .data               texts.o
    0x20000024   0x00000008   Data   RW         1726    .data               typedtextdatabase.o
    0x2000002c   0x00000001   Data   RW         1796    .data               stm32f7dma.o
    0x2000002d   0x00000003   PAD
    0x20000030   0x00000014   Data   RW         2198    .data               stm32f7hal_dsi.o
    0x20000044   0x00000034   Data   RW         2600    .data               boardconfiguration.o
    0x20000078   0x00000004   Data   RW         3315    .data               gpio.o
    0x2000007c   0x00000004   Data   RW         3901    .data               stm32f7xx_hal.o
    0x20000080   0x00000028   Data   RW        13537    .data               ft6x06.o
    0x200000a8   0x00000005   Data   RW        13538    .data               ft6x06.o
    0x200000ad   0x00000003   PAD
    0x200000b0   0x00000014   Data   RW        13759    .data               stm32f769i_discovery.o
    0x200000c4   0x0000000c   Data   RW        14289    .data               stm32f769i_discovery_lcd.o
    0x200000d0   0x00000002   Data   RW        14759    .data               stm32f769i_discovery_sdram.o
    0x200000d2   0x00000002   PAD
    0x200000d4   0x00000018   Data   RW        14836    .data               stm32f769i_discovery_ts.o
    0x200000ec   0x00000038   Data   RW        15612    .data               tasks.o
    0x20000124   0x0000000c   Data   RW        15887    .data               oswrappers.o
    0x20000130   0x0000000c   Data   RW        15972    .data               port.o
    0x2000013c   0x00000018   Data   RW        16032    .data               heap_2.o
    0x20000154   0x00000024   Data   RW        16449    .data               touchgfx_core.lib(application.o)
    0x20000178   0x00000024   Data   RW        16787    .data               touchgfx_core.lib(bitmap.o)
    0x2000019c   0x00000020   Data   RW        17152    .data               touchgfx_core.lib(canvaswidgetrenderer.o)
    0x200001bc   0x00000004   Data   RW        17912    .data               touchgfx_core.lib(fontmanager.o)
    0x200001c0   0x00000014   Data   RW        18003    .data               touchgfx_core.lib(hal.o)
    0x200001d4   0x00000004   Data   RW        18896    .data               touchgfx_core.lib(typedtext.o)
    0x200001d8   0x00000004   Data   RW        18897    .data               touchgfx_core.lib(typedtext.o)
    0x200001dc   0x00000004   Data   RW        18898    .data               touchgfx_core.lib(typedtext.o)
    0x200001e0   0x00000002   Data   RW        18899    .data               touchgfx_core.lib(typedtext.o)
    0x200001e2   0x00000002   PAD
    0x200001e4   0x00000004   Data   RW         2719    .data__ZZN12FrontendHeap11getInstanceEvE8instance  boardconfiguration.o
    0x200001e8   0x00000004   Data   RW         2721    .data__ZZN8touchgfx6getHALI14STM32F7HAL_DSIEERNS_3HALERNS_13DMA_InterfaceERNS_3LCDERNS_15TouchControllerEssE3hal  boardconfiguration.o
    0x200001ec   0x00000004   Data   RW         1647    TextFlashSection    texts.o
    0x200001f0   0x00000e10   Zero   RW            6    .bss                main.o
    0x20001000   0x00000058   Zero   RW         1795    .bss                stm32f7dma.o
    0x20001058   0x00000bf8   Zero   RW         2599    .bss                boardconfiguration.o
    0x20001c50   0x0000003c   Zero   RW         3782    .bss                stm32f7instrumentation.o
    0x20001c8c   0x00000060   Zero   RW         4081    .bss                stm32f7xx_hal_adc.o
    0x20001cec   0x00000098   Zero   RW        13757    .bss                stm32f769i_discovery.o
    0x20001d84   0x00000228   Zero   RW        14288    .bss                stm32f769i_discovery_lcd.o
    0x20001fac   0x00000044   Zero   RW        14534    .bss                stm32f769i_discovery_qspi.o
    0x20001ff0   0x00000120   Zero   RW        14758    .bss                stm32f769i_discovery_sdram.o
    0x20002110   0x000000c8   Zero   RW        15610    .bss                tasks.o
    0x200021d8   0x0000157c   Zero   RW        16031    .bss                heap_2.o
    0x20003754   0x0000004c   Zero   RW        19384    .bss                touchgfx_core.lib(touchcalibration.o)
    0x200037a0   0x00000060   Zero   RW        19735    .bss                c_w.l(libspace.o)
    0x20003800   0x000002a4   Zero   RW         2720    .bss__ZZN12FrontendHeap11getInstanceEvE8instance  boardconfiguration.o
    0x20003aa4   0x00000064   Zero   RW         2722    .bss__ZZN8touchgfx6getHALI14STM32F7HAL_DSIEERNS_3HALERNS_13DMA_InterfaceERNS_3LCDERNS_15TouchControllerEssE3hal  boardconfiguration.o
    0x20003b08   0x00000200   Zero   RW          428    HEAP                startup_stm32f769xx.o
    0x20003d08   0x00000400   Zero   RW          427    STACK               startup_stm32f769xx.o



  Load Region LR_EROM1 (Base: 0x90000000, Size: 0x00000000, Max: 0x03ffffff, ABSOLUTE)

    Execution Region extflash.bin (Base: 0x90000000, Size: 0x00000000, Max: 0x03ffffff, ABSOLUTE)

    **** No section assigned to this execution region ****

